\BOOKMARK [0][-]{chapter.1}{\376\377\004\022\004\112\004\062\004\065\004\064\004\065\004\075\004\070\004\065}{}% 1
\BOOKMARK [0][-]{chapter.2}{\376\377\004\043\004\100\004\060\004\062\004\075\004\065\004\075\004\070\004\117\000\040\004\075\004\060\000\040\004\074\004\076\004\064\004\065\004\073\004\060\000\040\004\070\000\040\004\102\004\065\004\076\004\100\004\065\004\102\004\070\004\107\004\075\004\070\000\040\004\076\004\101\004\075\004\076\004\062\004\070}{}% 2
\BOOKMARK [1][-]{section.2.1}{\376\377\004\042\004\065\004\076\004\100\004\070\004\117\000\040\004\075\004\060\000\040\004\101\004\065\004\070\004\067\004\074\004\070\004\107\004\075\004\070\004\102\004\065\000\040\004\062\004\112\004\073\004\075\004\070}{chapter.2}% 3
\BOOKMARK [2][-]{subsection.2.1.1}{\376\377\004\024\004\065\004\104\004\076\004\100\004\074\004\060\004\106\004\070\004\117}{section.2.1}% 4
\BOOKMARK [2][-]{subsection.2.1.2}{\376\377\004\035\004\060\004\077\004\100\004\065\004\066\004\065\004\075\004\070\004\065}{section.2.1}% 5
\BOOKMARK [2][-]{subsection.2.1.3}{\376\377\004\034\004\076\004\064\004\103\004\073\000\040\004\075\004\060\000\040\004\056\004\075\004\063}{section.2.1}% 6
\BOOKMARK [2][-]{subsection.2.1.4}{\376\377\004\027\004\060\004\062\004\070\004\101\004\070\004\074\004\076\004\101\004\102\000\040\004\074\004\065\004\066\004\064\004\103\000\040\004\064\004\065\004\104\004\076\004\100\004\074\004\060\004\106\004\070\004\117\000\040\004\070\000\040\004\075\004\060\004\077\004\100\004\065\004\066\004\065\004\075\004\070\004\065\000\040\004\062\000\040\004\070\004\067\004\076\004\102\004\100\004\076\004\077\004\075\004\060\000\040\004\101\004\100\004\065\004\064\004\060}{section.2.1}% 7
\BOOKMARK [2][-]{subsection.2.1.5}{\376\377\004\023\004\100\004\060\004\075\004\070\004\107\004\075\004\070\000\040\004\103\004\101\004\073\004\076\004\062\004\070\004\117}{section.2.1}% 8
\BOOKMARK [1][-]{section.2.2}{\376\377\004\034\004\065\004\102\004\076\004\064\000\040\004\075\004\060\000\040\004\072\004\100\004\060\004\071\004\075\004\070\004\102\004\065\000\040\004\065\004\073\004\065\004\074\004\065\004\075\004\102\004\070}{chapter.2}% 9
\BOOKMARK [2][-]{subsection.2.2.1}{\376\377\004\022\004\065\004\072\004\102\004\076\004\100\004\075\004\076\000-\004\074\004\060\004\102\004\100\004\070\004\107\004\075\004\060\000\040\004\104\004\076\004\100\004\074\004\060\000\040\004\070\000\040\004\100\004\060\004\067\004\074\004\065\004\100\004\075\004\076\004\101\004\102\004\070}{section.2.2}% 10
\BOOKMARK [2][-]{subsection.2.2.2}{\376\377\004\036\004\061\004\111\000\040\004\062\004\070\004\064\000\040\004\075\004\060\000\040\004\074\004\065\004\102\004\076\004\064\004\060\000\040\004\075\004\060\000\040\004\072\004\100\004\060\004\071\004\075\004\070\004\102\004\065\000\040\004\065\004\073\004\065\004\074\004\065\004\075\004\102\004\070}{section.2.2}% 11
\BOOKMARK [2][-]{subsection.2.2.3}{\376\377\004\037\004\100\004\076\004\101\004\102\004\100\004\060\004\075\004\101\004\102\004\062\004\076\004\102\004\076\000\040\004\075\004\060\000\040\004\077\004\076\000\040\004\107\004\060\004\101\004\102\004\070\000\040\004\073\004\070\004\075\004\065\004\071\004\075\004\070\000\040\004\077\004\076\004\073\004\070\004\075\004\076\004\074\004\070}{section.2.2}% 12
\BOOKMARK [2][-]{subsection.2.2.4}{\376\377\000L\0002\000\040\004\077\004\100\004\076\004\065\004\072\004\106\004\070\004\117}{section.2.2}% 13
\BOOKMARK [2][-]{subsection.2.2.5}{\376\377\004\037\004\100\004\065\004\101\004\074\004\117\004\102\004\060\004\075\004\065\000\040\004\075\004\060\000\040\000M\000\040\004\070\000\040\000b}{section.2.2}% 14
\BOOKMARK [2][-]{subsection.2.2.6}{\376\377\004\022\004\060\004\100\004\070\004\060\004\106\004\070\004\076\004\075\004\075\004\060\000\040\004\104\004\076\004\100\004\074\004\103\004\073\004\070\004\100\004\076\004\062\004\072\004\060}{section.2.2}% 15
\BOOKMARK [2][-]{subsection.2.2.7}{\376\377\004\027\004\060\004\064\004\060\004\107\004\060\000\040\004\075\004\060\000\040\000R\000i\000t\000z\000-\000G\000a\000l\000e\000r\000k\000i\000n}{section.2.2}% 16
\BOOKMARK [0][-]{chapter.3}{\376\377\004\047\004\070\004\101\004\073\004\065\004\075\004\070\000\040\004\065\004\072\004\101\004\077\004\065\004\100\004\070\004\074\004\065\004\075\004\102\004\070\000\040\004\070\000\040\004\100\004\065\004\067\004\103\004\073\004\102\004\060\004\102\004\070}{}% 17
\BOOKMARK [1][-]{section.3.1}{\376\377\004\030\004\074\004\077\004\073\004\065\004\074\004\065\004\075\004\102\004\060\004\106\004\070\004\076\004\075\004\075\004\070\000\040\004\064\004\065\004\102\004\060\004\071\004\073\004\070}{chapter.3}% 18
\BOOKMARK [2][-]{subsection.3.1.1}{\376\377\004\021\004\070\004\061\004\073\004\070\004\076\004\102\004\065\004\072\004\070\000\040\004\070\000\040\004\101\004\102\004\100\004\103\004\072\004\102\004\103\004\100\004\070\000\040\004\076\004\102\000\040\004\064\004\060\004\075\004\075\004\070}{section.3.1}% 19
\BOOKMARK [2][-]{subsection.3.1.2}{\376\377\004\040\004\065\004\110\004\060\004\062\004\060\004\075\004\065\000\040\004\075\004\060\000\040\004\073\004\070\004\075\004\065\004\071\004\075\004\060\004\102\004\060\000\040\004\101\004\070\004\101\004\102\004\065\004\074\004\060}{section.3.1}% 20
\BOOKMARK [2][-]{subsection.3.1.3}{\376\377\004\020\004\101\004\065\004\074\004\061\004\073\004\070\004\100\004\060\004\075\004\065\000\040\004\075\004\060\000\040\004\063\004\073\004\076\004\061\004\060\004\073\004\075\004\070\004\102\004\065\000\040\004\074\004\060\004\102\004\100\004\070\004\106\004\070}{section.3.1}% 21
\BOOKMARK [2][-]{subsection.3.1.4}{\376\377\004\037\004\076\004\074\004\076\004\111\004\075\004\070\000\040\004\060\004\073\004\063\004\076\004\100\004\070\004\102\004\074\004\070}{section.3.1}% 22
\BOOKMARK [1][-]{section.3.2}{\376\377\004\040\004\065\004\066\004\070\004\074\004\070\000\040\004\070\000\040\004\075\004\060\004\101\004\102\004\100\004\076\004\071\004\072\004\070\000\040\004\075\004\060\000\040\000F\000E\000M\0002\000D}{chapter.3}% 23
\BOOKMARK [1][-]{section.3.3}{\376\377\004\030\004\067\004\077\004\076\004\073\004\067\004\062\004\060\004\075\004\070\000\040\004\077\004\060\004\100\004\060\004\074\004\065\004\102\004\100\004\070\000\040\004\070\000\040\004\062\004\105\004\076\004\064\004\075\004\070\000\040\004\064\004\060\004\075\004\075\004\070}{chapter.3}% 24
\BOOKMARK [1][-]{section.3.4}{\376\377\004\024\004\076\004\077\004\112\004\073\004\075\004\070\004\102\004\065\004\073\004\075\004\070\000\040\004\077\004\100\004\076\004\106\004\065\004\064\004\103\004\100\004\070\000\040\004\070\000\040\004\063\004\065\004\075\004\065\004\100\004\070\004\100\004\060\004\075\004\065\000\040\004\075\004\060\000\040\004\074\004\100\004\065\004\066\004\060\004\102\004\060}{chapter.3}% 25
\BOOKMARK [1][-]{section.3.5}{\376\377\004\037\004\100\004\076\004\062\004\065\004\064\004\065\004\075\004\070\000\040\004\065\004\072\004\101\004\077\004\065\004\100\004\070\004\074\004\065\004\075\004\102\004\070}{chapter.3}% 26
\BOOKMARK [2][-]{subsection.3.5.1}{\376\377\004\047\004\070\004\101\004\073\004\065\004\075\004\070\000\040\004\101\004\070\004\074\004\103\004\073\004\060\004\106\004\070\004\070\000,\000\040\004\075\004\060\004\077\004\076\004\064\004\076\004\061\004\117\004\062\004\060\004\111\004\070\000\040\004\073\004\065\004\064\004\075\004\070\004\072\000\040\004\062\004\112\004\100\004\105\004\103\000\040\004\101\004\072\004\060\004\073\004\060}{section.3.5}% 27
\BOOKMARK [2][-]{subsection.3.5.2}{\376\377\004\030\004\067\004\061\004\076\004\100\000\040\004\075\004\060\000\040\004\104\004\103\004\075\004\072\004\106\004\070\004\117\004\102\004\060\000\040\004\070\004\067\004\102\004\076\004\107\004\075\004\070\004\072}{section.3.5}% 28
\BOOKMARK [2][-]{subsection.3.5.3}{\376\377\004\040\004\060\004\067\004\074\004\065\004\100\000\040\004\075\004\060\000\040\004\074\004\100\004\065\004\066\004\060\004\102\004\060\000\040\004\070\000\040\004\063\004\076\004\073\004\065\004\074\004\070\004\075\004\060\000\040\004\075\004\060\000\040\004\101\004\102\004\112\004\077\004\072\004\060\004\102\004\060\000\040\004\077\004\076\000\040\004\062\004\100\004\065\004\074\004\065\004\102\004\076}{section.3.5}% 29
\BOOKMARK [2][-]{subsection.3.5.4}{\376\377\004\030\004\067\004\062\004\112\004\100\004\110\004\065\004\075\004\070\000\040\004\101\004\070\004\074\004\103\004\073\004\060\004\106\004\070\004\070\000\040}{section.3.5}% 30
\BOOKMARK [2][-]{subsection.3.5.5}{\376\377\004\041\004\100\004\060\004\062\004\075\004\065\004\075\004\070\004\065\000\040\004\075\004\060\000\040\004\074\004\065\004\102\004\076\004\064\004\060\000\040\004\101\000\040\004\060\004\075\004\060\004\073\004\070\004\102\004\070\004\107\004\075\004\070\000\040\004\100\004\065\004\110\004\065\004\075\004\070\004\117}{section.3.5}% 31
\BOOKMARK [2][-]{subsection.3.5.6}{\376\377\004\037\004\100\004\060\004\072\004\102\004\070\004\107\004\065\004\101\004\072\004\060\000\040\004\076\004\106\004\065\004\075\004\072\004\060\000\040\004\075\004\060\000\040\004\063\004\100\004\065\004\110\004\072\004\060\004\102\004\060}{section.3.5}% 32
\BOOKMARK [1][-]{section.3.6}{\376\377\004\021\004\112\004\064\004\065\004\111\004\060\000\040\004\100\004\060\004\067\004\100\004\060\004\061\004\076\004\102\004\072\004\060}{chapter.3}% 33
\BOOKMARK [1][-]{section.3.7}{\376\377\004\027\004\060\004\072\004\073\004\116\004\107\004\065\004\075\004\070\004\065}{chapter.3}% 34
\BOOKMARK [1][-]{section.3.8}{\376\377\004\037\004\100\004\070\004\073\004\076\004\066\004\065\004\075\004\070\004\065}{chapter.3}% 35
\BOOKMARK [2][-]{subsection.3.8.1}{\376\377\004\037\004\100\004\070\004\074\004\065\004\100\004\075\004\070\000\040\004\072\004\076\004\075\004\104\004\070\004\063\004\103\004\100\004\060\004\106\004\070\004\076\004\075\004\075\004\070\000\040\004\104\004\060\004\071\004\073\004\076\004\062\004\065}{section.3.8}% 36
\BOOKMARK [2][-]{subsection.3.8.2}{\376\377\004\037\004\100\004\070\004\074\004\065\004\100\004\075\004\070\000\040\004\074\004\060\004\102\004\100\004\070\004\106\004\070\000\040\004\062\000\040\000M\000F\000E\000M\000\040\004\070\000\040\000E\000i\000g\000e\000n\000\040\004\104\004\076\004\100\004\074\004\060\004\102\000\040\004\070\000\040\004\067\004\060\004\077\004\070\004\101\000\040\004\075\004\060\000\040\004\100\004\060\004\067\004\100\004\065\004\064\004\065\004\075\004\070\004\102\004\065\000\040\004\074\004\060\004\102\004\100\004\070\004\106\004\070}{section.3.8}% 37
\BOOKMARK [2][-]{subsection.3.8.3}{\376\377\004\027\004\060\004\102\004\062\004\076\004\100\004\065\004\075\004\060\000\040\004\104\004\076\004\100\004\074\004\103\004\073\004\060}{section.3.8}% 38
\BOOKMARK [2][-]{subsection.3.8.4}{\376\377\004\032\004\076\004\064\000\040\004\067\004\060\000\040\004\100\004\060\004\067\004\064\004\100\004\076\004\061\004\117\004\062\004\060\004\075\004\065\000\040\004\075\004\060\000\040\004\074\004\100\004\065\004\066\004\060}{section.3.8}% 39
