This is pdfTeX, Version 3.141592653-2.6-1.40.25 (MiKTeX 23.10) (preloaded format=pdflatex 2024.1.12)  12 NOV 2025 23:07
entering extended mode
 restricted \write18 enabled.
 %&-line parsing enabled.
**./document.tex
(document.tex
LaTeX2e <2023-06-01> patch level 1
L3 programming layer <2023-08-29>
(C:\Users\Petar\AppData\Local\Programs\MiKTeX\tex/latex/base\report.cls
Document Class: report 2023/05/17 v1.4n Standard LaTeX document class
(C:\Users\Petar\AppData\Local\Programs\MiKTeX\tex/latex/base\size10.clo
File: size10.clo 2023/05/17 v1.4n Standard LaTeX file (size option)
)
\c@part=\count185
\c@chapter=\count186
\c@section=\count187
\c@subsection=\count188
\c@subsubsection=\count189
\c@paragraph=\count190
\c@subparagraph=\count191
\c@figure=\count192
\c@table=\count193
\abovecaptionskip=\skip48
\belowcaptionskip=\skip49
\bibindent=\dimen140
)
(C:\Users\Petar\AppData\Local\Programs\MiKTeX\tex/generic/babel\babel.sty
Package: babel 2023/09/29 v3.95 The Babel package
\babel@savecnt=\count194
\U@D=\dimen141
\l@unhyphenated=\language79

(C:\Users\Petar\AppData\Local\Programs\MiKTeX\tex/generic/babel\txtbabel.def)
\bbl@readstream=\read2
\bbl@dirlevel=\count195

*************************************
* Local config file bblopts.cfg used
*
(C:\Users\Petar\AppData\Local\Programs\MiKTeX\tex/latex/arabi\bblopts.cfg
File: bblopts.cfg 2005/09/08 v0.1 add Arabic and Farsi to "declared" options of
 babel
)
(C:\Users\Petar\AppData\Local\Programs\MiKTeX\tex/latex/babel-bulgarian\bulgari
an.ldf
Language: bulgarian 2013/10/14 v1.2g Bulgarian support from the babel system


Package bulgarian.ldf Warning: No Cyrillic font encoding has been loaded so far
.
(bulgarian.ldf)                A font encoding should be declared before babel.

(bulgarian.ldf)                Default `T2A' encoding will be loaded  on input 
line 85.

(C:\Users\Petar\AppData\Local\Programs\MiKTeX\tex/latex/cyrillic\t2aenc.def
File: t2aenc.def 2022/06/11 v1.0j Cyrillic encoding definition file
Now handling font encoding T2A ...
... processing UTF-8 mapping file for font encoding T2A

(C:\Users\Petar\AppData\Local\Programs\MiKTeX\tex/latex/base\t2aenc.dfu
File: t2aenc.dfu 2022/06/07 v1.3c UTF-8 support
   defining Unicode char U+00A4 (decimal 164)
   defining Unicode char U+00A7 (decimal 167)
   defining Unicode char U+00AB (decimal 171)
   defining Unicode char U+00BB (decimal 187)
   defining Unicode char U+0131 (decimal 305)
   defining Unicode char U+0237 (decimal 567)
   defining Unicode char U+0400 (decimal 1024)
   defining Unicode char U+0401 (decimal 1025)
   defining Unicode char U+0402 (decimal 1026)
   defining Unicode char U+0403 (decimal 1027)
   defining Unicode char U+0404 (decimal 1028)
   defining Unicode char U+0405 (decimal 1029)
   defining Unicode char U+0406 (decimal 1030)
   defining Unicode char U+0407 (decimal 1031)
   defining Unicode char U+0408 (decimal 1032)
   defining Unicode char U+0409 (decimal 1033)
   defining Unicode char U+040A (decimal 1034)
   defining Unicode char U+040B (decimal 1035)
   defining Unicode char U+040C (decimal 1036)
   defining Unicode char U+040D (decimal 1037)
   defining Unicode char U+040E (decimal 1038)
   defining Unicode char U+040F (decimal 1039)
   defining Unicode char U+0410 (decimal 1040)
   defining Unicode char U+0411 (decimal 1041)
   defining Unicode char U+0412 (decimal 1042)
   defining Unicode char U+0413 (decimal 1043)
   defining Unicode char U+0414 (decimal 1044)
   defining Unicode char U+0415 (decimal 1045)
   defining Unicode char U+0416 (decimal 1046)
   defining Unicode char U+0417 (decimal 1047)
   defining Unicode char U+0418 (decimal 1048)
   defining Unicode char U+0419 (decimal 1049)
   defining Unicode char U+041A (decimal 1050)
   defining Unicode char U+041B (decimal 1051)
   defining Unicode char U+041C (decimal 1052)
   defining Unicode char U+041D (decimal 1053)
   defining Unicode char U+041E (decimal 1054)
   defining Unicode char U+041F (decimal 1055)
   defining Unicode char U+0420 (decimal 1056)
   defining Unicode char U+0421 (decimal 1057)
   defining Unicode char U+0422 (decimal 1058)
   defining Unicode char U+0423 (decimal 1059)
   defining Unicode char U+0424 (decimal 1060)
   defining Unicode char U+0425 (decimal 1061)
   defining Unicode char U+0426 (decimal 1062)
   defining Unicode char U+0427 (decimal 1063)
   defining Unicode char U+0428 (decimal 1064)
   defining Unicode char U+0429 (decimal 1065)
   defining Unicode char U+042A (decimal 1066)
   defining Unicode char U+042B (decimal 1067)
   defining Unicode char U+042C (decimal 1068)
   defining Unicode char U+042D (decimal 1069)
   defining Unicode char U+042E (decimal 1070)
   defining Unicode char U+042F (decimal 1071)
   defining Unicode char U+0430 (decimal 1072)
   defining Unicode char U+0431 (decimal 1073)
   defining Unicode char U+0432 (decimal 1074)
   defining Unicode char U+0433 (decimal 1075)
   defining Unicode char U+0434 (decimal 1076)
   defining Unicode char U+0435 (decimal 1077)
   defining Unicode char U+0436 (decimal 1078)
   defining Unicode char U+0437 (decimal 1079)
   defining Unicode char U+0438 (decimal 1080)
   defining Unicode char U+0439 (decimal 1081)
   defining Unicode char U+043A (decimal 1082)
   defining Unicode char U+043B (decimal 1083)
   defining Unicode char U+043C (decimal 1084)
   defining Unicode char U+043D (decimal 1085)
   defining Unicode char U+043E (decimal 1086)
   defining Unicode char U+043F (decimal 1087)
   defining Unicode char U+0440 (decimal 1088)
   defining Unicode char U+0441 (decimal 1089)
   defining Unicode char U+0442 (decimal 1090)
   defining Unicode char U+0443 (decimal 1091)
   defining Unicode char U+0444 (decimal 1092)
   defining Unicode char U+0445 (decimal 1093)
   defining Unicode char U+0446 (decimal 1094)
   defining Unicode char U+0447 (decimal 1095)
   defining Unicode char U+0448 (decimal 1096)
   defining Unicode char U+0449 (decimal 1097)
   defining Unicode char U+044A (decimal 1098)
   defining Unicode char U+044B (decimal 1099)
   defining Unicode char U+044C (decimal 1100)
   defining Unicode char U+044D (decimal 1101)
   defining Unicode char U+044E (decimal 1102)
   defining Unicode char U+044F (decimal 1103)
   defining Unicode char U+0450 (decimal 1104)
   defining Unicode char U+0451 (decimal 1105)
   defining Unicode char U+0452 (decimal 1106)
   defining Unicode char U+0453 (decimal 1107)
   defining Unicode char U+0454 (decimal 1108)
   defining Unicode char U+0455 (decimal 1109)
   defining Unicode char U+0456 (decimal 1110)
   defining Unicode char U+0457 (decimal 1111)
   defining Unicode char U+0458 (decimal 1112)
   defining Unicode char U+0459 (decimal 1113)
   defining Unicode char U+045A (decimal 1114)
   defining Unicode char U+045B (decimal 1115)
   defining Unicode char U+045C (decimal 1116)
   defining Unicode char U+045D (decimal 1117)
   defining Unicode char U+045E (decimal 1118)
   defining Unicode char U+045F (decimal 1119)
   defining Unicode char U+0490 (decimal 1168)
   defining Unicode char U+0491 (decimal 1169)
   defining Unicode char U+0492 (decimal 1170)
   defining Unicode char U+0493 (decimal 1171)
   defining Unicode char U+0496 (decimal 1174)
   defining Unicode char U+0497 (decimal 1175)
   defining Unicode char U+0498 (decimal 1176)
   defining Unicode char U+0499 (decimal 1177)
   defining Unicode char U+049A (decimal 1178)
   defining Unicode char U+049B (decimal 1179)
   defining Unicode char U+049C (decimal 1180)
   defining Unicode char U+049D (decimal 1181)
   defining Unicode char U+04A0 (decimal 1184)
   defining Unicode char U+04A1 (decimal 1185)
   defining Unicode char U+04A2 (decimal 1186)
   defining Unicode char U+04A3 (decimal 1187)
   defining Unicode char U+04A4 (decimal 1188)
   defining Unicode char U+04A5 (decimal 1189)
   defining Unicode char U+04AA (decimal 1194)
   defining Unicode char U+04AB (decimal 1195)
   defining Unicode char U+04AE (decimal 1198)
   defining Unicode char U+04AF (decimal 1199)
   defining Unicode char U+04B0 (decimal 1200)
   defining Unicode char U+04B1 (decimal 1201)
   defining Unicode char U+04B2 (decimal 1202)
   defining Unicode char U+04B3 (decimal 1203)
   defining Unicode char U+04B6 (decimal 1206)
   defining Unicode char U+04B7 (decimal 1207)
   defining Unicode char U+04B8 (decimal 1208)
   defining Unicode char U+04B9 (decimal 1209)
   defining Unicode char U+04BA (decimal 1210)
   defining Unicode char U+04BB (decimal 1211)
   defining Unicode char U+04C0 (decimal 1216)
   defining Unicode char U+04C1 (decimal 1217)
   defining Unicode char U+04C2 (decimal 1218)
   defining Unicode char U+04D0 (decimal 1232)
   defining Unicode char U+04D1 (decimal 1233)
   defining Unicode char U+04D2 (decimal 1234)
   defining Unicode char U+04D3 (decimal 1235)
   defining Unicode char U+04D4 (decimal 1236)
   defining Unicode char U+04D5 (decimal 1237)
   defining Unicode char U+04D6 (decimal 1238)
   defining Unicode char U+04D7 (decimal 1239)
   defining Unicode char U+04D8 (decimal 1240)
   defining Unicode char U+04D9 (decimal 1241)
   defining Unicode char U+04DA (decimal 1242)
   defining Unicode char U+04DB (decimal 1243)
   defining Unicode char U+04DC (decimal 1244)
   defining Unicode char U+04DD (decimal 1245)
   defining Unicode char U+04DE (decimal 1246)
   defining Unicode char U+04DF (decimal 1247)
   defining Unicode char U+04E2 (decimal 1250)
   defining Unicode char U+04E3 (decimal 1251)
   defining Unicode char U+04E4 (decimal 1252)
   defining Unicode char U+04E5 (decimal 1253)
   defining Unicode char U+04E6 (decimal 1254)
   defining Unicode char U+04E7 (decimal 1255)
   defining Unicode char U+04E8 (decimal 1256)
   defining Unicode char U+04E9 (decimal 1257)
   defining Unicode char U+04EC (decimal 1260)
   defining Unicode char U+04ED (decimal 1261)
   defining Unicode char U+04EE (decimal 1262)
   defining Unicode char U+04EF (decimal 1263)
   defining Unicode char U+04F0 (decimal 1264)
   defining Unicode char U+04F1 (decimal 1265)
   defining Unicode char U+04F2 (decimal 1266)
   defining Unicode char U+04F3 (decimal 1267)
   defining Unicode char U+04F4 (decimal 1268)
   defining Unicode char U+04F5 (decimal 1269)
   defining Unicode char U+04F8 (decimal 1272)
   defining Unicode char U+04F9 (decimal 1273)
   defining Unicode char U+200C (decimal 8204)
   defining Unicode char U+2013 (decimal 8211)
   defining Unicode char U+2014 (decimal 8212)
   defining Unicode char U+2018 (decimal 8216)
   defining Unicode char U+2019 (decimal 8217)
   defining Unicode char U+201C (decimal 8220)
   defining Unicode char U+201D (decimal 8221)
   defining Unicode char U+201E (decimal 8222)
   defining Unicode char U+2030 (decimal 8240)
   defining Unicode char U+2031 (decimal 8241)
   defining Unicode char U+2116 (decimal 8470)
   defining Unicode char U+2329 (decimal 9001)
   defining Unicode char U+3008 (decimal 12296)
   defining Unicode char U+232A (decimal 9002)
   defining Unicode char U+3009 (decimal 12297)
   defining Unicode char U+2423 (decimal 9251)
   defining Unicode char U+27E8 (decimal 10216)
   defining Unicode char U+27E9 (decimal 10217)
   defining Unicode char U+FB00 (decimal 64256)
   defining Unicode char U+FB01 (decimal 64257)
   defining Unicode char U+FB02 (decimal 64258)
   defining Unicode char U+FB03 (decimal 64259)
   defining Unicode char U+FB04 (decimal 64260)
   defining Unicode char U+FB05 (decimal 64261)
   defining Unicode char U+FB06 (decimal 64262)
))
Package babel Info: Using `T2A' as a default Cyrillic encoding on input line 89
.


Package bulgarian.ldf Warning: No input encoding specified for Bulgarian langua
ge on input line 140.

Package bulgarian.ldf Info: Executing the post 3.9 branch for captions on input
 line 197.
Package bulgarian.ldf Info: Executing the post 3.9 branch for dates on input li
ne 302.
Package babel Info: Making " an active character on input line 344.
))
(C:\Users\Petar\AppData\Local\Programs\MiKTeX\tex/generic/babel/locale/bg\babel
-bulgarian.tex
Package babel Info: Importing font and identification data for bulgarian
(babel)             from babel-bg.ini. Reported on input line 11.
)
(C:\Users\Petar\AppData\Local\Programs\MiKTeX\tex/latex/geometry\geometry.sty
Package: geometry 2020/01/02 v5.9 Page Geometry

(C:\Users\Petar\AppData\Local\Programs\MiKTeX\tex/latex/graphics\keyval.sty
Package: keyval 2022/05/29 v1.15 key=value parser (DPC)
\KV@toks@=\toks17
)
(C:\Users\Petar\AppData\Local\Programs\MiKTeX\tex/generic/iftex\ifvtex.sty
Package: ifvtex 2019/10/25 v1.7 ifvtex legacy package. Use iftex instead.

(C:\Users\Petar\AppData\Local\Programs\MiKTeX\tex/generic/iftex\iftex.sty
Package: iftex 2022/02/03 v1.0f TeX engine tests
))
\Gm@cnth=\count196
\Gm@cntv=\count197
\c@Gm@tempcnt=\count198
\Gm@bindingoffset=\dimen142
\Gm@wd@mp=\dimen143
\Gm@odd@mp=\dimen144
\Gm@even@mp=\dimen145
\Gm@layoutwidth=\dimen146
\Gm@layoutheight=\dimen147
\Gm@layouthoffset=\dimen148
\Gm@layoutvoffset=\dimen149
\Gm@dimlist=\toks18

(C:\Users\Petar\AppData\Local\Programs\MiKTeX\tex/latex/geometry\geometry.cfg))
(C:\Users\Petar\AppData\Local\Programs\MiKTeX\tex/latex/amsmath\amsmath.sty
Package: amsmath 2023/05/13 v2.17o AMS math features
\@mathmargin=\skip50

For additional information on amsmath, use the `?' option.
(C:\Users\Petar\AppData\Local\Programs\MiKTeX\tex/latex/amsmath\amstext.sty
Package: amstext 2021/08/26 v2.01 AMS text

(C:\Users\Petar\AppData\Local\Programs\MiKTeX\tex/latex/amsmath\amsgen.sty
File: amsgen.sty 1999/11/30 v2.0 generic functions
\@emptytoks=\toks19
\ex@=\dimen150
))
(C:\Users\Petar\AppData\Local\Programs\MiKTeX\tex/latex/amsmath\amsbsy.sty
Package: amsbsy 1999/11/29 v1.2d Bold Symbols
\pmbraise@=\dimen151
)
(C:\Users\Petar\AppData\Local\Programs\MiKTeX\tex/latex/amsmath\amsopn.sty
Package: amsopn 2022/04/08 v2.04 operator names
)
\inf@bad=\count199
LaTeX Info: Redefining \frac on input line 234.
\uproot@=\count266
\leftroot@=\count267
LaTeX Info: Redefining \overline on input line 399.
LaTeX Info: Redefining \colon on input line 410.
\classnum@=\count268
\DOTSCASE@=\count269
LaTeX Info: Redefining \ldots on input line 496.
LaTeX Info: Redefining \dots on input line 499.
LaTeX Info: Redefining \cdots on input line 620.
\Mathstrutbox@=\box51
\strutbox@=\box52
LaTeX Info: Redefining \big on input line 722.
LaTeX Info: Redefining \Big on input line 723.
LaTeX Info: Redefining \bigg on input line 724.
LaTeX Info: Redefining \Bigg on input line 725.
\big@size=\dimen152
LaTeX Font Info:    Redeclaring font encoding OML on input line 743.
LaTeX Font Info:    Redeclaring font encoding OMS on input line 744.
\macc@depth=\count270
LaTeX Info: Redefining \bmod on input line 905.
LaTeX Info: Redefining \pmod on input line 910.
LaTeX Info: Redefining \smash on input line 940.
LaTeX Info: Redefining \relbar on input line 970.
LaTeX Info: Redefining \Relbar on input line 971.
\c@MaxMatrixCols=\count271
\dotsspace@=\muskip16
\c@parentequation=\count272
\dspbrk@lvl=\count273
\tag@help=\toks20
\row@=\count274
\column@=\count275
\maxfields@=\count276
\andhelp@=\toks21
\eqnshift@=\dimen153
\alignsep@=\dimen154
\tagshift@=\dimen155
\tagwidth@=\dimen156
\totwidth@=\dimen157
\lineht@=\dimen158
\@envbody=\toks22
\multlinegap=\skip51
\multlinetaggap=\skip52
\mathdisplay@stack=\toks23
LaTeX Info: Redefining \[ on input line 2953.
LaTeX Info: Redefining \] on input line 2954.
)
(C:\Users\Petar\AppData\Local\Programs\MiKTeX\tex/latex/amsfonts\amssymb.sty
Package: amssymb 2013/01/14 v3.01 AMS font symbols

(C:\Users\Petar\AppData\Local\Programs\MiKTeX\tex/latex/amsfonts\amsfonts.sty
Package: amsfonts 2013/01/14 v3.01 Basic AMSFonts support
\symAMSa=\mathgroup4
\symAMSb=\mathgroup5
LaTeX Font Info:    Redeclaring math symbol \hbar on input line 98.
LaTeX Font Info:    Overwriting math alphabet `\mathfrak' in version `bold'
(Font)                  U/euf/m/n --> U/euf/b/n on input line 106.
)) (C:\Users\Petar\AppData\Local\Programs\MiKTeX\tex/latex/graphics\graphicx.st
y
Package: graphicx 2021/09/16 v1.2d Enhanced LaTeX Graphics (DPC,SPQR)

(C:\Users\Petar\AppData\Local\Programs\MiKTeX\tex/latex/graphics\graphics.sty
Package: graphics 2022/03/10 v1.4e Standard LaTeX Graphics (DPC,SPQR)

(C:\Users\Petar\AppData\Local\Programs\MiKTeX\tex/latex/graphics\trig.sty
Package: trig 2021/08/11 v1.11 sin cos tan (DPC)
)
(C:\Users\Petar\AppData\Local\Programs\MiKTeX\tex/latex/graphics-cfg\graphics.c
fg
File: graphics.cfg 2016/06/04 v1.11 sample graphics configuration
)
Package graphics Info: Driver file: pdftex.def on input line 107.

(C:\Users\Petar\AppData\Local\Programs\MiKTeX\tex/latex/graphics-def\pdftex.def
File: pdftex.def 2022/09/22 v1.2b Graphics/color driver for pdftex
))
\Gin@req@height=\dimen159
\Gin@req@width=\dimen160
)
(C:\Users\Petar\AppData\Local\Programs\MiKTeX\tex/latex/placeins\placeins.sty
Package: placeins 2005/04/18  v 2.2
)
(C:\Users\Petar\AppData\Local\Programs\MiKTeX\tex/latex/tools\indentfirst.sty
Package: indentfirst 1995/11/23 v1.03 Indent first paragraph (DPC)
)
(C:\Users\Petar\AppData\Local\Programs\MiKTeX\tex/latex/base\fontenc.sty
Package: fontenc 2021/04/29 v2.0v Standard LaTeX package
)
(C:\Users\Petar\AppData\Local\Programs\MiKTeX\tex/latex/base\inputenc.sty
Package: inputenc 2021/02/14 v1.3d Input encoding file
\inpenc@prehook=\toks24
\inpenc@posthook=\toks25
)
(C:\Users\Petar\AppData\Local\Programs\MiKTeX\tex/latex/csquotes\csquotes.sty
Package: csquotes 2024-04-04 v5.2o context-sensitive quotations (JAW)

(C:\Users\Petar\AppData\Local\Programs\MiKTeX\tex/latex/etoolbox\etoolbox.sty
Package: etoolbox 2020/10/05 v2.5k e-TeX tools for LaTeX (JAW)
\etb@tempcnta=\count277
)
\csq@reset=\count278
\csq@gtype=\count279
\csq@glevel=\count280
\csq@qlevel=\count281
\csq@maxlvl=\count282
\csq@tshold=\count283
\csq@ltx@everypar=\toks26

(C:\Users\Petar\AppData\Local\Programs\MiKTeX\tex/latex/csquotes\csquotes.def
File: csquotes.def 2024-04-04 v5.2o csquotes generic definitions (JAW)
)
Package csquotes Info: Trying to load configuration file 'csquotes.cfg'...
Package csquotes Info: ... configuration file loaded successfully.

(C:\Users\Petar\AppData\Local\Programs\MiKTeX\tex/latex/csquotes\csquotes.cfg
File: csquotes.cfg 
)) (C:\Users\Petar\AppData\Local\Programs\MiKTeX\tex/latex/enumitem\enumitem.st
y
Package: enumitem 2025/02/06 v3.11 Customized lists
\labelindent=\skip53
\enit@outerparindent=\dimen161
\enit@toks=\toks27
\enit@inbox=\box53
\enit@count@id=\count284
\enitdp@description=\count285
) (C:\Users\Petar\AppData\Local\Programs\MiKTeX\tex/latex/parskip\parskip.sty
Package: parskip 2021-03-14 v2.0h non-zero parskip adjustments

(C:\Users\Petar\AppData\Local\Programs\MiKTeX\tex/latex/kvoptions\kvoptions.sty
Package: kvoptions 2022-06-15 v3.15 Key value format for package options (HO)
(C:\Users\Petar\AppData\Local\Programs\MiKTeX\tex/generic/ltxcmds\ltxcmds.sty
Package: ltxcmds 2023-12-04 v1.26 LaTeX kernel commands for general use (HO)
)
(C:\Users\Petar\AppData\Local\Programs\MiKTeX\tex/latex/kvsetkeys\kvsetkeys.sty
Package: kvsetkeys 2022-10-05 v1.19 Key value parser (HO)
)))
(C:\Users\Petar\AppData\Local\Programs\MiKTeX\tex/latex/caption\subcaption.sty
Package: subcaption 2023/07/28 v1.6b Sub-captions (AR)

(C:\Users\Petar\AppData\Local\Programs\MiKTeX\tex/latex/caption\caption.sty
Package: caption 2023/08/05 v3.6o Customizing captions (AR)

(C:\Users\Petar\AppData\Local\Programs\MiKTeX\tex/latex/caption\caption3.sty
Package: caption3 2023/07/31 v2.4d caption3 kernel (AR)
\caption@tempdima=\dimen162
\captionmargin=\dimen163
\caption@leftmargin=\dimen164
\caption@rightmargin=\dimen165
\caption@width=\dimen166
\caption@indent=\dimen167
\caption@parindent=\dimen168
\caption@hangindent=\dimen169
Package caption Info: Standard document class detected.
)
\c@caption@flags=\count286
\c@continuedfloat=\count287
)
Package caption Info: New subtype `subfigure' on input line 238.
\c@subfigure=\count288
Package caption Info: New subtype `subtable' on input line 238.
\c@subtable=\count289
)
(C:\Users\Petar\AppData\Local\Programs\MiKTeX\tex/latex/pdflscape\pdflscape.sty
Package: pdflscape 2022-10-27 v0.13 Display of landscape pages in PDF

(C:\Users\Petar\AppData\Local\Programs\MiKTeX\tex/latex/pdflscape\pdflscape-nom
etadata.sty
Package: pdflscape-nometadata 2022-10-28 v0.13 Display of landscape pages in PD
F (HO)

(C:\Users\Petar\AppData\Local\Programs\MiKTeX\tex/latex/graphics\lscape.sty
Package: lscape 2020/05/28 v3.02 Landscape Pages (DPC)
)
Package pdflscape Info: Auto-detected driver: pdftex on input line 81.
))
(C:\Users\Petar\AppData\Local\Programs\MiKTeX\tex/latex/hyperref\hyperref.sty
Package: hyperref 2023-07-08 v7.01b Hypertext links for LaTeX

(C:\Users\Petar\AppData\Local\Programs\MiKTeX\tex/generic/pdftexcmds\pdftexcmds
.sty
Package: pdftexcmds 2020-06-27 v0.33 Utility functions of pdfTeX for LuaTeX (HO
)

(C:\Users\Petar\AppData\Local\Programs\MiKTeX\tex/generic/infwarerr\infwarerr.s
ty
Package: infwarerr 2019/12/03 v1.5 Providing info/warning/error messages (HO)
)
Package pdftexcmds Info: \pdf@primitive is available.
Package pdftexcmds Info: \pdf@ifprimitive is available.
Package pdftexcmds Info: \pdfdraftmode found.
)
(C:\Users\Petar\AppData\Local\Programs\MiKTeX\tex/generic/kvdefinekeys\kvdefine
keys.sty
Package: kvdefinekeys 2019-12-19 v1.6 Define keys (HO)
)
(C:\Users\Petar\AppData\Local\Programs\MiKTeX\tex/generic/pdfescape\pdfescape.s
ty
Package: pdfescape 2019/12/09 v1.15 Implements pdfTeX's escape features (HO)
) (C:\Users\Petar\AppData\Local\Programs\MiKTeX\tex/latex/hycolor\hycolor.sty
Package: hycolor 2020-01-27 v1.10 Color options for hyperref/bookmark (HO)
)
(C:\Users\Petar\AppData\Local\Programs\MiKTeX\tex/latex/letltxmacro\letltxmacro
.sty
Package: letltxmacro 2019/12/03 v1.6 Let assignment for LaTeX macros (HO)
)
(C:\Users\Petar\AppData\Local\Programs\MiKTeX\tex/latex/auxhook\auxhook.sty
Package: auxhook 2019-12-17 v1.6 Hooks for auxiliary files (HO)
)
(C:\Users\Petar\AppData\Local\Programs\MiKTeX\tex/latex/hyperref\nameref.sty
Package: nameref 2023-08-07 v2.53 Cross-referencing by name of section

(C:\Users\Petar\AppData\Local\Programs\MiKTeX\tex/latex/refcount\refcount.sty
Package: refcount 2019/12/15 v3.6 Data extraction from label references (HO)
)
(C:\Users\Petar\AppData\Local\Programs\MiKTeX\tex/generic/gettitlestring\gettit
lestring.sty
Package: gettitlestring 2019/12/15 v1.6 Cleanup title references (HO)
)
\c@section@level=\count290
)
\@linkdim=\dimen170
\Hy@linkcounter=\count291
\Hy@pagecounter=\count292

(C:\Users\Petar\AppData\Local\Programs\MiKTeX\tex/latex/hyperref\pd1enc.def
File: pd1enc.def 2023-07-08 v7.01b Hyperref: PDFDocEncoding definition (HO)
Now handling font encoding PD1 ...
... no UTF-8 mapping file for font encoding PD1
)
(C:\Users\Petar\AppData\Local\Programs\MiKTeX\tex/generic/intcalc\intcalc.sty
Package: intcalc 2019/12/15 v1.3 Expandable calculations with integers (HO)
)
\Hy@SavedSpaceFactor=\count293

(C:\Users\Petar\AppData\Local\Programs\MiKTeX\tex/latex/hyperref\puenc.def
File: puenc.def 2023-07-08 v7.01b Hyperref: PDF Unicode definition (HO)
Now handling font encoding PU ...
... no UTF-8 mapping file for font encoding PU
)
Package hyperref Info: Option `colorlinks' set `true' on input line 4050.
Package hyperref Info: Hyper figures OFF on input line 4167.
Package hyperref Info: Link nesting OFF on input line 4172.
Package hyperref Info: Hyper index ON on input line 4175.
Package hyperref Info: Plain pages OFF on input line 4182.
Package hyperref Info: Backreferencing OFF on input line 4187.
Package hyperref Info: Implicit mode ON; LaTeX internals redefined.
Package hyperref Info: Bookmarks ON on input line 4434.
\c@Hy@tempcnt=\count294

(C:\Users\Petar\AppData\Local\Programs\MiKTeX\tex/latex/url\url.sty
\Urlmuskip=\muskip17
Package: url 2013/09/16  ver 3.4  Verb mode for urls, etc.
)
LaTeX Info: Redefining \url on input line 4772.
\XeTeXLinkMargin=\dimen171

(C:\Users\Petar\AppData\Local\Programs\MiKTeX\tex/generic/bitset\bitset.sty
Package: bitset 2019/12/09 v1.3 Handle bit-vector datatype (HO)

(C:\Users\Petar\AppData\Local\Programs\MiKTeX\tex/generic/bigintcalc\bigintcalc
.sty
Package: bigintcalc 2019/12/15 v1.5 Expandable calculations on big integers (HO
)
))
\Fld@menulength=\count295
\Field@Width=\dimen172
\Fld@charsize=\dimen173
Package hyperref Info: Hyper figures OFF on input line 6051.
Package hyperref Info: Link nesting OFF on input line 6056.
Package hyperref Info: Hyper index ON on input line 6059.
Package hyperref Info: backreferencing OFF on input line 6066.
Package hyperref Info: Link coloring ON on input line 6069.
Package hyperref Info: Link coloring with OCG OFF on input line 6076.
Package hyperref Info: PDF/A mode OFF on input line 6081.

(C:\Users\Petar\AppData\Local\Programs\MiKTeX\tex/latex/base\atbegshi-ltx.sty
Package: atbegshi-ltx 2021/01/10 v1.0c Emulation of the original atbegshi
package with kernel methods
)
\Hy@abspage=\count296
\c@Item=\count297
\c@Hfootnote=\count298
)
Package hyperref Info: Driver (autodetected): hpdftex.
(C:\Users\Petar\AppData\Local\Programs\MiKTeX\tex/latex/hyperref\hpdftex.def
File: hpdftex.def 2023-07-08 v7.01b Hyperref driver for pdfTeX

(C:\Users\Petar\AppData\Local\Programs\MiKTeX\tex/latex/base\atveryend-ltx.sty
Package: atveryend-ltx 2020/08/19 v1.0a Emulation of the original atveryend pac
kage
with kernel methods
)
\Fld@listcount=\count299
\c@bookmark@seq@number=\count300

(C:\Users\Petar\AppData\Local\Programs\MiKTeX\tex/latex/rerunfilecheck\rerunfil
echeck.sty
Package: rerunfilecheck 2025-06-21 v1.11 Rerun checks for auxiliary files (HO)

(C:\Users\Petar\AppData\Local\Programs\MiKTeX\tex/generic/uniquecounter\uniquec
ounter.sty
Package: uniquecounter 2019/12/15 v1.4 Provide unlimited unique counter (HO)
)
Package uniquecounter Info: New unique counter `rerunfilecheck' on input line 2
84.
)
\Hy@SectionHShift=\skip54
)
(C:\Users\Petar\AppData\Local\Programs\MiKTeX\tex/latex/listings\listings.sty
\lst@mode=\count301
\lst@gtempboxa=\box54
\lst@token=\toks28
\lst@length=\count302
\lst@currlwidth=\dimen174
\lst@column=\count303
\lst@pos=\count304
\lst@lostspace=\dimen175
\lst@width=\dimen176
\lst@newlines=\count305
\lst@lineno=\count306
\lst@maxwidth=\dimen177

(C:\Users\Petar\AppData\Local\Programs\MiKTeX\tex/latex/listings\lstmisc.sty
File: lstmisc.sty 2023/02/27 1.9 (Carsten Heinz)
\c@lstnumber=\count307
\lst@skipnumbers=\count308
\lst@framebox=\box55
)
(C:\Users\Petar\AppData\Local\Programs\MiKTeX\tex/latex/listings\listings.cfg
File: listings.cfg 2023/02/27 1.9 listings configuration
))
Package: listings 2023/02/27 1.9 (Carsten Heinz)
(C:\Users\Petar\AppData\Local\Programs\MiKTeX\tex/latex/xcolor\xcolor.sty
Package: xcolor 2022/06/12 v2.14 LaTeX color extensions (UK)

(C:\Users\Petar\AppData\Local\Programs\MiKTeX\tex/latex/graphics-cfg\color.cfg
File: color.cfg 2016/01/02 v1.6 sample color configuration
)
Package xcolor Info: Driver file: pdftex.def on input line 227.
(C:\Users\Petar\AppData\Local\Programs\MiKTeX\tex/latex/graphics\mathcolor.ltx)
Package xcolor Info: Model `cmy' substituted by `cmy0' on input line 1353.
Package xcolor Info: Model `hsb' substituted by `rgb' on input line 1357.
Package xcolor Info: Model `RGB' extended on input line 1369.
Package xcolor Info: Model `HTML' substituted by `rgb' on input line 1371.
Package xcolor Info: Model `Hsb' substituted by `hsb' on input line 1372.
Package xcolor Info: Model `tHsb' substituted by `hsb' on input line 1373.
Package xcolor Info: Model `HSB' substituted by `hsb' on input line 1374.
Package xcolor Info: Model `Gray' substituted by `gray' on input line 1375.
Package xcolor Info: Model `wave' substituted by `hsb' on input line 1376.
) (C:\Users\Petar\AppData\Local\Programs\MiKTeX\tex/latex/listings\lstlang1.sty
File: lstlang1.sty 2023/02/27 1.9 listings language file
)
Package csquotes Info: Checking for multilingual support...
Package csquotes Info: ... found 'babel' package.
Package csquotes Info: Adjusting default style.


Package csquotes Warning: No style for language 'bulgarian'.
(csquotes)                Using fallback style on input line 53.

Package csquotes Info: Redefining alias 'default' -> 'fallback'.

(C:\Users\Petar\AppData\Local\Programs\MiKTeX\tex/latex/l3backend\l3backend-pdf
tex.def
File: l3backend-pdftex.def 2023-04-19 L3 backend support: PDF output (pdfTeX)
\l__color_backend_stack_int=\count309
\l__pdf_internal_box=\box56
) (document.aux
LaTeX Font Info:    Trying to load font information for T2A+cmr on input line 1
9.

(C:\Users\Petar\AppData\Local\Programs\MiKTeX\tex/latex/cyrillic\t2acmr.fd
File: t2acmr.fd 2001/08/11 v1.0a Computer Modern Cyrillic font definitions
))
\openout1 = `document.aux'.

LaTeX Font Info:    Checking defaults for OML/cmm/m/it on input line 53.
LaTeX Font Info:    ... okay on input line 53.
LaTeX Font Info:    Checking defaults for OMS/cmsy/m/n on input line 53.
LaTeX Font Info:    ... okay on input line 53.
LaTeX Font Info:    Checking defaults for OT1/cmr/m/n on input line 53.
LaTeX Font Info:    ... okay on input line 53.
LaTeX Font Info:    Checking defaults for T1/cmr/m/n on input line 53.
LaTeX Font Info:    ... okay on input line 53.
LaTeX Font Info:    Checking defaults for TS1/cmr/m/n on input line 53.
LaTeX Font Info:    ... okay on input line 53.
LaTeX Font Info:    Checking defaults for OMX/cmex/m/n on input line 53.
LaTeX Font Info:    ... okay on input line 53.
LaTeX Font Info:    Checking defaults for U/cmr/m/n on input line 53.
LaTeX Font Info:    ... okay on input line 53.
LaTeX Font Info:    Checking defaults for T2A/cmr/m/n on input line 53.
LaTeX Font Info:    ... okay on input line 53.
LaTeX Font Info:    Checking defaults for PD1/pdf/m/n on input line 53.
LaTeX Font Info:    ... okay on input line 53.
LaTeX Font Info:    Checking defaults for PU/pdf/m/n on input line 53.
LaTeX Font Info:    ... okay on input line 53.

*geometry* driver: auto-detecting
*geometry* detected driver: pdftex
*geometry* verbose mode - [ preamble ] result:
* driver: pdftex
* paper: letterpaper
* layout: <same size as paper>
* layoutoffset:(h,v)=(0.0pt,0.0pt)
* modes: 
* h-part:(L,W,R)=(85.35826pt, 443.57848pt, 85.35826pt)
* v-part:(T,H,B)=(56.9055pt, 681.15898pt, 56.9055pt)
* \paperwidth=614.295pt
* \paperheight=794.96999pt
* \textwidth=443.57848pt
* \textheight=681.15898pt
* \oddsidemargin=13.08827pt
* \evensidemargin=13.08827pt
* \topmargin=-52.36449pt
* \headheight=12.0pt
* \headsep=25.0pt
* \topskip=10.0pt
* \footskip=30.0pt
* \marginparwidth=49.79231pt
* \marginparsep=11.0pt
* \columnsep=10.0pt
* \skip\footins=9.0pt plus 4.0pt minus 2.0pt
* \hoffset=0.0pt
* \voffset=0.0pt
* \mag=1000
* \@twocolumnfalse
* \@twosidefalse
* \@mparswitchfalse
* \@reversemarginfalse
* (1in=72.27pt=25.4mm, 1cm=28.453pt)


(C:\Users\Petar\AppData\Local\Programs\MiKTeX\tex/context/base/mkii\supp-pdf.mk
ii
[Loading MPS to PDF converter (version 2006.09.02).]
\scratchcounter=\count310
\scratchdimen=\dimen178
\scratchbox=\box57
\nofMPsegments=\count311
\nofMParguments=\count312
\everyMPshowfont=\toks29
\MPscratchCnt=\count313
\MPscratchDim=\dimen179
\MPnumerator=\count314
\makeMPintoPDFobject=\count315
\everyMPtoPDFconversion=\toks30
)
(C:\Users\Petar\AppData\Local\Programs\MiKTeX\tex/latex/epstopdf-pkg\epstopdf-b
ase.sty
Package: epstopdf-base 2020-01-24 v2.11 Base part for package epstopdf
Package epstopdf-base Info: Redefining graphics rule for `.eps' on input line 4
85.

(C:\Users\Petar\AppData\Local\Programs\MiKTeX\tex/latex/00miktex\epstopdf-sys.c
fg
File: epstopdf-sys.cfg 2021/03/18 v2.0 Configuration of epstopdf for MiKTeX
))
Package caption Info: Begin \AtBeginDocument code.
Package caption Info: hyperref package is loaded.
Package caption Info: listings package is loaded.
Package caption Info: End \AtBeginDocument code.
Package hyperref Info: Link coloring ON on input line 53.
 (document.out) (document.out)
\@outlinefile=\write3
\openout3 = `document.out'.

\c@lstlisting=\count316
<png/SU.png, id=159, 262.9825pt x 262.9825pt>
File: png/SU.png Graphic file (type png)
<use png/SU.png>
Package pdftex.def Info: png/SU.png  used on input line 57.
(pdftex.def)             Requested size: 113.81102pt x 113.8106pt.
 [1

{C:/Users/Petar/AppData/Local/MiKTeX/fonts/map/pdftex/pdftex.map} <./png/SU.png
>] (document.toc
LaTeX Font Info:    Trying to load font information for U+msa on input line 4.

(C:\Users\Petar\AppData\Local\Programs\MiKTeX\tex/latex/amsfonts\umsa.fd
File: umsa.fd 2013/01/14 v3.01 AMS symbols A
)
LaTeX Font Info:    Trying to load font information for U+msb on input line 4.

(C:\Users\Petar\AppData\Local\Programs\MiKTeX\tex/latex/amsfonts\umsb.fd
File: umsb.fd 2013/01/14 v3.01 AMS symbols B
)
LaTeX Font Info:    Trying to load font information for T2A+cmtt on input line 
24.

(C:\Users\Petar\AppData\Local\Programs\MiKTeX\tex/latex/cyrillic\t2acmtt.fd
File: t2acmtt.fd 2001/08/11 v1.0a Computer Modern Cyrillic font definitions
))
\tf@toc=\write4
\openout4 = `document.toc'.


pdfTeX warning (ext4): destination with the same identifier (name{page.1}) has 
been already used, duplicate ignored
<to be read again> 
                   \relax 
l.79 	\begin{abstract}
                       [1

]
pdfTeX warning (ext4): destination with the same identifier (name{page.1}) has 
been already used, duplicate ignored
<to be read again> 
                   \relax 
l.81 	\end{abstract}
                     [1]
{\Bulgarian \CYRG \cyrl \cyra \cyrv \cyra } 1.
<png/baza.jpg, id=224, 1445.4pt x 963.6pt>
File: png/baza.jpg Graphic file (type jpg)
<use png/baza.jpg>
Package pdftex.def Info: png/baza.jpg  used on input line 94.
(pdftex.def)             Requested size: 195.61896pt x 130.40385pt.
<png/lednik.JPG, id=225, 4175.6pt x 2788.4175pt>
File: png/lednik.JPG Graphic file (type jpg)
<use png/lednik.JPG>
Package pdftex.def Info: png/lednik.JPG  used on input line 96.
(pdftex.def)             Requested size: 195.61896pt x 130.62164pt.

pdfTeX warning (ext4): destination with the same identifier (name{page.1}) has 
been already used, duplicate ignored
<to be read again> 
                   \relax 
l.103 	\chapter
               {РЈСЂР°РІРЅРµРЅРёСЏ РЅР° РјРѕРґРµР»Р° Рё С‚РµРѕСЂРµС‚РёС‡РЅРё...
[1

 <./png/baza.jpg> <./png/lednik.JPG>]
{\Bulgarian \CYRG \cyrl \cyra \cyrv \cyra } 2.
[2

]
<png/displacement_after_transformation.png, id=255, 517.18219pt x 318.43968pt>
File: png/displacement_after_transformation.png Graphic file (type png)
<use png/displacement_after_transformation.png>
Package pdftex.def Info: png/displacement_after_transformation.png  used on inp
ut line 162.
(pdftex.def)             Requested size: 399.21791pt x 245.8164pt.


LaTeX Warning: `h' float specifier changed to `ht'.


Underfull \hbox (badness 10000) in paragraph at lines 174--179

 []

[3] [4 <./png/displacement_after_transformation.png>]
<png/stress_tensor_CauchyTh.png, id=281, 901.86937pt x 442.65375pt>
File: png/stress_tensor_CauchyTh.png Graphic file (type png)
<use png/stress_tensor_CauchyTh.png>
Package pdftex.def Info: png/stress_tensor_CauchyTh.png  used on input line 206
.
(pdftex.def)             Requested size: 399.21791pt x 195.9435pt.
 [5 <./png/stress_tensor_CauchyTh.png>]
<png/symetric_stress.png, id=290, 590.95781pt x 508.14844pt>
File: png/symetric_stress.png Graphic file (type png)
<use png/symetric_stress.png>
Package pdftex.def Info: png/symetric_stress.png  used on input line 244.
(pdftex.def)             Requested size: 399.21791pt x 343.28003pt.


LaTeX Warning: `h' float specifier changed to `ht'.

[6] [7 <./png/symetric_stress.png>]
<png/both_shear_stress.png, id=313, 1568.86125pt x 760.34062pt>
File: png/both_shear_stress.png Graphic file (type png)
<use png/both_shear_stress.png>
Package pdftex.def Info: png/both_shear_stress.png  used on input line 287.
(pdftex.def)             Requested size: 576.65337pt x 279.47693pt.

Overfull \hbox (78.39107pt too wide) in paragraph at lines 286--288
 []|  [] 
 []


LaTeX Warning: `h' float specifier changed to `ht'.

<png/shear.png, id=314, 303.38344pt x 124.21407pt>
File: png/shear.png Graphic file (type png)
<use png/shear.png>
Package pdftex.def Info: png/shear.png  used on input line 293.
(pdftex.def)             Requested size: 199.60895pt x 81.72754pt.

LaTeX Warning: `h' float specifier changed to `ht'.

[8] [9 <./png/both_shear_stress.png> <./png/shear.png>] [10] [11]
<png/hatFunc1D.png, id=381, 1065.9825pt x 581.17125pt>
File: png/hatFunc1D.png Graphic file (type png)
<use png/hatFunc1D.png>
Package pdftex.def Info: png/hatFunc1D.png  used on input line 430.
(pdftex.def)             Requested size: 354.86412pt x 193.47202pt.
<png/hatFunc2D.png, id=382, 1065.9825pt x 687.31781pt>
File: png/hatFunc2D.png Graphic file (type png)
<use png/hatFunc2D.png>
Package pdftex.def Info: png/hatFunc2D.png  used on input line 437.
(pdftex.def)             Requested size: 354.86412pt x 228.80823pt.


LaTeX Warning: `h' float specifier changed to `ht'.

<png/V_h hat.png, id=383, 1065.9825pt x 581.17125pt>
File: png/V_h hat.png Graphic file (type png)
<use png/V_h hat.png>
Package pdftex.def Info: png/V_h hat.png  used on input line 449.
(pdftex.def)             Requested size: 354.86412pt x 193.47202pt.

LaTeX Warning: `h' float specifier changed to `ht'.


Package hyperref Warning: Token not allowed in a PDF string (Unicode):
(hyperref)                removing `math shift' on input line 455.


Package hyperref Warning: Token not allowed in a PDF string (Unicode):
(hyperref)                removing `subscript' on input line 455.


Package hyperref Warning: Token not allowed in a PDF string (Unicode):
(hyperref)                removing `math shift' on input line 455.

[12]

Package hyperref Warning: Token not allowed in a PDF string (Unicode):
(hyperref)                removing `math shift' on input line 487.


Package hyperref Warning: Token not allowed in a PDF string (Unicode):
(hyperref)                removing `math shift' on input line 487.


Package hyperref Warning: Token not allowed in a PDF string (Unicode):
(hyperref)                removing `math shift' on input line 487.


Package hyperref Warning: Token not allowed in a PDF string (Unicode):
(hyperref)                removing `math shift' on input line 487.

[13 <./png/hatFunc1D.png>] [14 <./png/hatFunc2D.png>] [15 <./png/V_h hat.png>]
[16] [17]
{\Bulgarian \CYRG \cyrl \cyra \cyrv \cyra } 3.
LaTeX Font Info:    Font shape `T2A/cmtt/bx/n' in size <10> not available
(Font)              Font shape `T2A/cmtt/m/n' tried instead on input line 742.
[18

] [19]
Overfull \hbox (55.08833pt too wide) detected at line 894
[]
 []

[20]
Overfull \hbox (14.05476pt too wide) detected at line 952
[]
 []

[21] [22] [23]
LaTeX Font Info:    Font shape `T2A/cmtt/bx/n' in size <14.4> not available
(Font)              Font shape `T2A/cmtt/m/n' tried instead on input line 1067.

 [24]
<png/lambda-mu-limestone.png, id=523, 619.56468pt x 181.42781pt>
File: png/lambda-mu-limestone.png Graphic file (type png)
<use png/lambda-mu-limestone.png>
Package pdftex.def Info: png/lambda-mu-limestone.png  used on input line 1164.
(pdftex.def)             Requested size: 443.57848pt x 129.89154pt.


LaTeX Warning: `!h' float specifier changed to `!ht'.

[25] [26 <./png/lambda-mu-limestone.png>]
<png/displacement_500x950_25_noPML.png, id=559, 359.09157pt x 394.47375pt>
File: png/displacement_500x950_25_noPML.png Graphic file (type png)
<use png/displacement_500x950_25_noPML.png>
Package pdftex.def Info: png/displacement_500x950_25_noPML.png  used on input l
ine 1230.
(pdftex.def)             Requested size: 310.50357pt x 341.1248pt.


LaTeX Warning: `h' float specifier changed to `ht'.

<png/fourier_transform_ricker.png, id=564, 380.92313pt x 238.64156pt>
File: png/fourier_transform_ricker.png Graphic file (type png)
<use png/fourier_transform_ricker.png>
Package pdftex.def Info: png/fourier_transform_ricker.png  used on input line 1
244.
(pdftex.def)             Requested size: 310.50357pt x 194.53302pt.
<png/ricker.png, id=565, 453.19313pt x 239.39438pt>
File: png/ricker.png Graphic file (type png)
<use png/ricker.png>
Package pdftex.def Info: png/ricker.png  used on input line 1249.
(pdftex.def)             Requested size: 310.50357pt x 164.02068pt.
[27]

LaTeX Warning: `h' float specifier changed to `ht'.


LaTeX Warning: `h' float specifier changed to `ht'.

<png/seismo_mine1.pdf, id=579, 578.16pt x 366.36874pt>
File: png/seismo_mine1.pdf Graphic file (type pdf)
<use png/seismo_mine1.pdf>
Package pdftex.def Info: png/seismo_mine1.pdf  used on input line 1262.
(pdftex.def)             Requested size: 212.91577pt x 134.917pt.
<png/seismo_ref2.png, id=580, 1053.1847pt x 637.63219pt>
File: png/seismo_ref2.png Graphic file (type png)
<use png/seismo_ref2.png>
Package pdftex.def Info: png/seismo_ref2.png  used on input line 1269.
(pdftex.def)             Requested size: 212.91577pt x 128.90576pt.
<png/seismo_mine2.pdf, id=581, 578.16pt x 366.36874pt>
File: png/seismo_mine2.pdf Graphic file (type pdf)
<use png/seismo_mine2.pdf>
Package pdftex.def Info: png/seismo_mine2.pdf  used on input line 1277.
(pdftex.def)             Requested size: 212.91577pt x 134.917pt.
<png/seismo_ref1.png, id=582, 1013.28563pt x 648.17157pt>
File: png/seismo_ref1.png Graphic file (type png)
<use png/seismo_ref1.png>
Package pdftex.def Info: png/seismo_ref1.png  used on input line 1284.
(pdftex.def)             Requested size: 212.91577pt x 136.18927pt.
<png/seismo_mine3.pdf, id=583, 578.16pt x 366.36874pt>
File: png/seismo_mine3.pdf Graphic file (type pdf)
<use png/seismo_mine3.pdf>
Package pdftex.def Info: png/seismo_mine3.pdf  used on input line 1297.
(pdftex.def)             Requested size: 212.91577pt x 134.917pt.
<png/seismo_ref4.png, id=584, 1035.11719pt x 637.63219pt>
File: png/seismo_ref4.png Graphic file (type png)
<use png/seismo_ref4.png>
Package pdftex.def Info: png/seismo_ref4.png  used on input line 1304.
(pdftex.def)             Requested size: 212.91577pt x 131.15326pt.
<png/seismo_mine4.pdf, id=585, 578.16pt x 366.36874pt>
File: png/seismo_mine4.pdf Graphic file (type pdf)
<use png/seismo_mine4.pdf>
Package pdftex.def Info: png/seismo_mine4.pdf  used on input line 1312.
(pdftex.def)             Requested size: 212.91577pt x 134.917pt.
<png/seismo_ref3.png, id=586, 1027.58907pt x 629.35126pt>
File: png/seismo_ref3.png Graphic file (type png)
<use png/seismo_ref3.png>
Package pdftex.def Info: png/seismo_ref3.png  used on input line 1319.
(pdftex.def)             Requested size: 212.91577pt x 130.40068pt.
[28 <./png/displacement_500x950_25_noPML.png>]
<png/seismo0.4Hz.pdf, id=599, 751.80875pt x 483.8075pt>
File: png/seismo0.4Hz.pdf Graphic file (type pdf)
<use png/seismo0.4Hz.pdf>
Package pdftex.def Info: png/seismo0.4Hz.pdf  used on input line 1343.
(pdftex.def)             Requested size: 133.07489pt x 85.63466pt.
<png/seismo2Hz.pdf, id=600, 751.80875pt x 474.77374pt>
File: png/seismo2Hz.pdf Graphic file (type pdf)
<use png/seismo2Hz.pdf>
Package pdftex.def Info: png/seismo2Hz.pdf  used on input line 1347.
(pdftex.def)             Requested size: 133.07489pt x 84.03566pt.
<png/seismo4Hz.pdf, id=601, 751.80875pt x 476.78125pt>
File: png/seismo4Hz.pdf Graphic file (type pdf)
<use png/seismo4Hz.pdf>
Package pdftex.def Info: png/seismo4Hz.pdf  used on input line 1351.
(pdftex.def)             Requested size: 133.07489pt x 84.39099pt.
<png/seismo6Hz.pdf, id=602, 751.80875pt x 474.77374pt>
File: png/seismo6Hz.pdf Graphic file (type pdf)
<use png/seismo6Hz.pdf>
Package pdftex.def Info: png/seismo6Hz.pdf  used on input line 1357.
(pdftex.def)             Requested size: 133.07489pt x 84.03566pt.
<png/seismo8Hz.pdf, id=603, 751.80875pt x 476.78125pt>
File: png/seismo8Hz.pdf Graphic file (type pdf)
<use png/seismo8Hz.pdf>
Package pdftex.def Info: png/seismo8Hz.pdf  used on input line 1361.
(pdftex.def)             Requested size: 133.07489pt x 84.39099pt.
<png/seismo10Hz.pdf, id=604, 751.80875pt x 474.77374pt>
File: png/seismo10Hz.pdf Graphic file (type pdf)
<use png/seismo10Hz.pdf>
Package pdftex.def Info: png/seismo10Hz.pdf  used on input line 1365.
(pdftex.def)             Requested size: 133.07489pt x 84.03566pt.
<png/seismo12Hz.pdf, id=605, 751.80875pt x 474.77374pt>
File: png/seismo12Hz.pdf Graphic file (type pdf)
<use png/seismo12Hz.pdf>
Package pdftex.def Info: png/seismo12Hz.pdf  used on input line 1371.
(pdftex.def)             Requested size: 133.07489pt x 84.03566pt.
<png/seismo14Hz.pdf, id=606, 751.80875pt x 474.77374pt>
File: png/seismo14Hz.pdf Graphic file (type pdf)
<use png/seismo14Hz.pdf>
Package pdftex.def Info: png/seismo14Hz.pdf  used on input line 1375.
(pdftex.def)             Requested size: 133.07489pt x 84.03566pt.
<png/seismo16Hz.pdf, id=607, 751.80875pt x 474.77374pt>
File: png/seismo16Hz.pdf Graphic file (type pdf)
<use png/seismo16Hz.pdf>
Package pdftex.def Info: png/seismo16Hz.pdf  used on input line 1379.
(pdftex.def)             Requested size: 133.07489pt x 84.03566pt.


LaTeX Warning: `!h' float specifier changed to `!ht'.

<png/real_seismogram1.png, id=609, 1591.9475pt x 1163.34625pt>
File: png/real_seismogram1.png Graphic file (type png)
<use png/real_seismogram1.png>
Package pdftex.def Info: png/real_seismogram1.png  used on input line 1392.
(pdftex.def)             Requested size: 195.61896pt x 142.9505pt.
<png/real_seismogram3.png, id=610, 1618.045pt x 1163.34625pt>
File: png/real_seismogram3.png Graphic file (type png)
<use png/real_seismogram3.png>
Package pdftex.def Info: png/real_seismogram3.png  used on input line 1394.
(pdftex.def)             Requested size: 195.61896pt x 140.64284pt.

LaTeX Warning: `!h' float specifier changed to `!ht'.

[29 <./png/fourier_transform_ricker.png> <./png/ricker.png>] [30 <./png/seismo_
mine1.pdf> <./png/seismo_ref2.png> <./png/seismo_mine2.pdf

pdfTeX warning: pdflatex.exe (file ./png/seismo_mine2.pdf): PDF inclusion: mult
iple pdfs with page group included in a single page
> <./png/seismo_ref1.png>] [31 <./png/seismo_mine3.pdf> <./png/seismo_ref4.png>
 <./png/seismo_mine4.pdf

pdfTeX warning: pdflatex.exe (file ./png/seismo_mine4.pdf): PDF inclusion: mult
iple pdfs with page group included in a single page
> <./png/seismo_ref3.png>] [32 <./png/seismo0.4Hz.pdf> <./png/seismo2Hz.pdf

pdfTeX warning: pdflatex.exe (file ./png/seismo2Hz.pdf): PDF inclusion: multipl
e pdfs with page group included in a single page
> <./png/seismo4Hz.pdf

pdfTeX warning: pdflatex.exe (file ./png/seismo4Hz.pdf): PDF inclusion: multipl
e pdfs with page group included in a single page
> <./png/seismo6Hz.pdf

pdfTeX warning: pdflatex.exe (file ./png/seismo6Hz.pdf): PDF inclusion: multipl
e pdfs with page group included in a single page
> <./png/seismo8Hz.pdf

pdfTeX warning: pdflatex.exe (file ./png/seismo8Hz.pdf): PDF inclusion: multipl
e pdfs with page group included in a single page
> <./png/seismo10Hz.pdf

pdfTeX warning: pdflatex.exe (file ./png/seismo10Hz.pdf): PDF inclusion: multip
le pdfs with page group included in a single page
> <./png/seismo12Hz.pdf

pdfTeX warning: pdflatex.exe (file ./png/seismo12Hz.pdf): PDF inclusion: multip
le pdfs with page group included in a single page
> <./png/seismo14Hz.pdf

pdfTeX warning: pdflatex.exe (file ./png/seismo14Hz.pdf): PDF inclusion: multip
le pdfs with page group included in a single page
> <./png/seismo16Hz.pdf

pdfTeX warning: pdflatex.exe (file ./png/seismo16Hz.pdf): PDF inclusion: multip
le pdfs with page group included in a single page
> <./png/real_seismogram1.png> <./png/real_seismogram3.png>]
<png/seismo250mcm.pdf, id=820, 751.80875pt x 474.77374pt>
File: png/seismo250mcm.pdf Graphic file (type pdf)
<use png/seismo250mcm.pdf>
Package pdftex.def Info: png/seismo250mcm.pdf  used on input line 1428.
(pdftex.def)             Requested size: 133.07489pt x 84.03566pt.
<png/seismo25mcm.pdf, id=821, 751.80875pt x 464.73625pt>
File: png/seismo25mcm.pdf Graphic file (type pdf)
<use png/seismo25mcm.pdf>
Package pdftex.def Info: png/seismo25mcm.pdf  used on input line 1432.
(pdftex.def)             Requested size: 133.07489pt x 82.25902pt.
<png/seismo14mcm.pdf, id=822, 751.80875pt x 463.7325pt>
File: png/seismo14mcm.pdf Graphic file (type pdf)
<use png/seismo14mcm.pdf>
Package pdftex.def Info: png/seismo14mcm.pdf  used on input line 1436.
(pdftex.def)             Requested size: 133.07489pt x 82.08134pt.
<png/sparse_histogram.pdf, id=824, 469.755pt x 280.04625pt>
File: png/sparse_histogram.pdf Graphic file (type pdf)
<use png/sparse_histogram.pdf>
Package pdftex.def Info: png/sparse_histogram.pdf  used on input line 1452.
(pdftex.def)             Requested size: 141.94835pt x 84.62129pt.
<png/fine_histogram.pdf, id=825, 469.755pt x 280.04625pt>
File: png/fine_histogram.pdf Graphic file (type pdf)
<use png/fine_histogram.pdf>
Package pdftex.def Info: png/fine_histogram.pdf  used on input line 1454.
(pdftex.def)             Requested size: 141.94835pt x 84.62129pt.
<png/normal_distr.pdf, id=826, 469.755pt x 285.065pt>
File: png/normal_distr.pdf Graphic file (type pdf)
<use png/normal_distr.pdf>
Package pdftex.def Info: png/normal_distr.pdf  used on input line 1456.
(pdftex.def)             Requested size: 141.94835pt x 86.13782pt.


LaTeX Warning: `!h' float specifier changed to `!ht'.

[33 <./png/seismo250mcm.pdf> <./png/seismo25mcm.pdf

pdfTeX warning: pdflatex.exe (file ./png/seismo25mcm.pdf): PDF inclusion: multi
ple pdfs with page group included in a single page
> <./png/seismo14mcm.pdf

pdfTeX warning: pdflatex.exe (file ./png/seismo14mcm.pdf): PDF inclusion: multi
ple pdfs with page group included in a single page
>]
<png/seismo_tau0.01.pdf, id=875, 751.80875pt x 463.7325pt>
File: png/seismo_tau0.01.pdf Graphic file (type pdf)
<use png/seismo_tau0.01.pdf>
Package pdftex.def Info: png/seismo_tau0.01.pdf  used on input line 1471.
(pdftex.def)             Requested size: 199.60895pt x 123.12202pt.
<png/seismo_tau0.001.pdf, id=876, 751.80875pt x 458.71375pt>
File: png/seismo_tau0.001.pdf Graphic file (type pdf)
<use png/seismo_tau0.001.pdf>
Package pdftex.def Info: png/seismo_tau0.001.pdf  used on input line 1475.
(pdftex.def)             Requested size: 199.60895pt x 121.78954pt.
<png/seismo_tau0.0004.pdf, id=877, 751.80875pt x 457.71pt>
File: png/seismo_tau0.0004.pdf Graphic file (type pdf)
<use png/seismo_tau0.0004.pdf>
Package pdftex.def Info: png/seismo_tau0.0004.pdf  used on input line 1481.
(pdftex.def)             Requested size: 199.60895pt x 121.52304pt.
<png/seismo_tau0.00025.pdf, id=878, 751.80875pt x 457.71pt>
File: png/seismo_tau0.00025.pdf Graphic file (type pdf)
<use png/seismo_tau0.00025.pdf>
Package pdftex.def Info: png/seismo_tau0.00025.pdf  used on input line 1485.
(pdftex.def)             Requested size: 199.60895pt x 121.52304pt.

Overfull \hbox (1.65752pt too wide) in paragraph at lines 1493--1494
[]\T2A/cmr/m/n/10 Вижда се раз-ли-ка меж-ду всич-ки се-из-мог-ра-ми, за-то-ва в
 край-на смет-ка е из-бра-но $\OML/cmm/m/it/10 ^^\ \OT1/cmr/m/n/10 = 0\OML/cmm/
m/it/10 :\OT1/cmr/m/n/10 00025 \OML/cmm/m/it/10 s$\T2A/cmr/m/n/10 .
 []

[34 <./png/sparse_histogram.pdf> <./png/fine_histogram.pdf

pdfTeX warning: pdflatex.exe (file ./png/fine_histogram.pdf): PDF inclusion: mu
ltiple pdfs with page group included in a single page
> <./png/normal_distr.pdf

pdfTeX warning: pdflatex.exe (file ./png/normal_distr.pdf): PDF inclusion: mult
iple pdfs with page group included in a single page
> <./png/seismo_tau0.01.pdf

pdfTeX warning: pdflatex.exe (file ./png/seismo_tau0.01.pdf): PDF inclusion: mu
ltiple pdfs with page group included in a single page
> <./png/seismo_tau0.001.pdf

pdfTeX warning: pdflatex.exe (file ./png/seismo_tau0.001.pdf): PDF inclusion: m
ultiple pdfs with page group included in a single page
> <./png/seismo_tau0.0004.pdf

pdfTeX warning: pdflatex.exe (file ./png/seismo_tau0.0004.pdf): PDF inclusion: 
multiple pdfs with page group included in a single page
> <./png/seismo_tau0.00025.pdf

pdfTeX warning: pdflatex.exe (file ./png/seismo_tau0.00025.pdf): PDF inclusion:
 multiple pdfs with page group included in a single page
>]
<png/domain_with_sources.png, id=963, 684.30656pt x 504.38437pt>
File: png/domain_with_sources.png Graphic file (type png)
<use png/domain_with_sources.png>
Package pdftex.def Info: png/domain_with_sources.png  used on input line 1504.
(pdftex.def)             Requested size: 399.21791pt x 294.2594pt.
 [35 <./png/domain_with_sources.png>]
<displacement_500x900_25_layer_0_600_900_10Hz_tau=0.00025/1event_0cavities_300_
10_source.pdf, id=972, 578.16pt x 700.6175pt>
File: displacement_500x900_25_layer_0_600_900_10Hz_tau=0.00025/1event_0cavities
_300_10_source.pdf Graphic file (type pdf)
<use displacement_500x900_25_layer_0_600_900_10Hz_tau=0.00025/1event_0cavities_
300_10_source.pdf>
Package pdftex.def Info: displacement_500x900_25_layer_0_600_900_10Hz_tau=0.000
25/1event_0cavities_300_10_source.pdf  used on input line 1514.
(pdftex.def)             Requested size: 122.60362pt x 148.56654pt.
<displacement_500x900_25_layer_0_600_900_10Hz_tau=0.00025/1event_0cavities_300_
600_source.pdf, id=973, 578.16pt x 700.6175pt>
File: displacement_500x900_25_layer_0_600_900_10Hz_tau=0.00025/1event_0cavities
_300_600_source.pdf Graphic file (type pdf)
<use displacement_500x900_25_layer_0_600_900_10Hz_tau=0.00025/1event_0cavities_
300_600_source.pdf>
Package pdftex.def Info: displacement_500x900_25_layer_0_600_900_10Hz_tau=0.000
25/1event_0cavities_300_600_source.pdf  used on input line 1518.
(pdftex.def)             Requested size: 122.60362pt x 148.56654pt.
<displacement_500x900_25_layer_0_600_900_10Hz_tau=0.00025/1event_0cavities_300_
700_source.pdf, id=974, 578.16pt x 700.6175pt>
File: displacement_500x900_25_layer_0_600_900_10Hz_tau=0.00025/1event_0cavities
_300_700_source.pdf Graphic file (type pdf)
<use displacement_500x900_25_layer_0_600_900_10Hz_tau=0.00025/1event_0cavities_
300_700_source.pdf>
Package pdftex.def Info: displacement_500x900_25_layer_0_600_900_10Hz_tau=0.000
25/1event_0cavities_300_700_source.pdf  used on input line 1522.
(pdftex.def)             Requested size: 122.60362pt x 148.56654pt.
<displacement_500x900_25_layer_0_600_900_10Hz_tau=0.00025/1event_0cavities_300_
850_source.pdf, id=975, 578.16pt x 700.6175pt>
File: displacement_500x900_25_layer_0_600_900_10Hz_tau=0.00025/1event_0cavities
_300_850_source.pdf Graphic file (type pdf)
<use displacement_500x900_25_layer_0_600_900_10Hz_tau=0.00025/1event_0cavities_
300_850_source.pdf>
Package pdftex.def Info: displacement_500x900_25_layer_0_600_900_10Hz_tau=0.000
25/1event_0cavities_300_850_source.pdf  used on input line 1526.
(pdftex.def)             Requested size: 122.60362pt x 148.56654pt.
<displacement_500x900_25_layer_0_600_900_10Hz_tau=0.00025/1event_0cavities_300_
900_source.pdf, id=976, 578.16pt x 700.6175pt>
File: displacement_500x900_25_layer_0_600_900_10Hz_tau=0.00025/1event_0cavities
_300_900_source.pdf Graphic file (type pdf)
<use displacement_500x900_25_layer_0_600_900_10Hz_tau=0.00025/1event_0cavities_
300_900_source.pdf>
Package pdftex.def Info: displacement_500x900_25_layer_0_600_900_10Hz_tau=0.000
25/1event_0cavities_300_900_source.pdf  used on input line 1530.
(pdftex.def)             Requested size: 122.60362pt x 148.56654pt.
<displacement_500x900_25_layer_0_600_900_10Hz_tau=0.00025/1event_1air_cavity_30
0_10_source.pdf, id=977, 578.16pt x 700.6175pt>
File: displacement_500x900_25_layer_0_600_900_10Hz_tau=0.00025/1event_1air_cavi
ty_300_10_source.pdf Graphic file (type pdf)
<use displacement_500x900_25_layer_0_600_900_10Hz_tau=0.00025/1event_1air_cavit
y_300_10_source.pdf>
Package pdftex.def Info: displacement_500x900_25_layer_0_600_900_10Hz_tau=0.000
25/1event_1air_cavity_300_10_source.pdf  used on input line 1536.
(pdftex.def)             Requested size: 122.60362pt x 148.56654pt.
<displacement_500x900_25_layer_0_600_900_10Hz_tau=0.00025/1event_1air_cavity_30
0_600_source.pdf, id=978, 578.16pt x 700.6175pt>
File: displacement_500x900_25_layer_0_600_900_10Hz_tau=0.00025/1event_1air_cavi
ty_300_600_source.pdf Graphic file (type pdf)
<use displacement_500x900_25_layer_0_600_900_10Hz_tau=0.00025/1event_1air_cavit
y_300_600_source.pdf>
Package pdftex.def Info: displacement_500x900_25_layer_0_600_900_10Hz_tau=0.000
25/1event_1air_cavity_300_600_source.pdf  used on input line 1540.
(pdftex.def)             Requested size: 122.60362pt x 148.56654pt.
<displacement_500x900_25_layer_0_600_900_10Hz_tau=0.00025/1event_1air_cavity_30
0_700_source.pdf, id=979, 578.16pt x 700.6175pt>
File: displacement_500x900_25_layer_0_600_900_10Hz_tau=0.00025/1event_1air_cavi
ty_300_700_source.pdf Graphic file (type pdf)
<use displacement_500x900_25_layer_0_600_900_10Hz_tau=0.00025/1event_1air_cavit
y_300_700_source.pdf>
Package pdftex.def Info: displacement_500x900_25_layer_0_600_900_10Hz_tau=0.000
25/1event_1air_cavity_300_700_source.pdf  used on input line 1544.
(pdftex.def)             Requested size: 122.60362pt x 148.56654pt.
<displacement_500x900_25_layer_0_600_900_10Hz_tau=0.00025/1event_1air_cavity_30
0_850_source.pdf, id=980, 578.16pt x 700.6175pt>
File: displacement_500x900_25_layer_0_600_900_10Hz_tau=0.00025/1event_1air_cavi
ty_300_850_source.pdf Graphic file (type pdf)
<use displacement_500x900_25_layer_0_600_900_10Hz_tau=0.00025/1event_1air_cavit
y_300_850_source.pdf>
Package pdftex.def Info: displacement_500x900_25_layer_0_600_900_10Hz_tau=0.000
25/1event_1air_cavity_300_850_source.pdf  used on input line 1548.
(pdftex.def)             Requested size: 122.60362pt x 148.56654pt.
<displacement_500x900_25_layer_0_600_900_10Hz_tau=0.00025/1event_1air_cavity_30
0_900_source.pdf, id=981, 578.16pt x 700.6175pt>
File: displacement_500x900_25_layer_0_600_900_10Hz_tau=0.00025/1event_1air_cavi
ty_300_900_source.pdf Graphic file (type pdf)
<use displacement_500x900_25_layer_0_600_900_10Hz_tau=0.00025/1event_1air_cavit
y_300_900_source.pdf>
Package pdftex.def Info: displacement_500x900_25_layer_0_600_900_10Hz_tau=0.000
25/1event_1air_cavity_300_900_source.pdf  used on input line 1552.
(pdftex.def)             Requested size: 122.60362pt x 148.56654pt.
 [36

 <./displacement_500x900_25_layer_0_600_900_10Hz_tau=0.00025/1event_0cavities_3
00_10_source.pdf> <./displacement_500x900_25_layer_0_600_900_10Hz_tau=0.00025/1
event_0cavities_300_600_source.pdf

pdfTeX warning: pdflatex.exe (file ./displacement_500x900_25_layer_0_600_900_10
Hz_tau=0.00025/1event_0cavities_300_600_source.pdf): PDF inclusion: multiple pd
fs with page group included in a single page
> <./displacement_500x900_25_layer_0_600_900_10Hz_tau=0.00025/1event_0cavities_
300_700_source.pdf

pdfTeX warning: pdflatex.exe (file ./displacement_500x900_25_layer_0_600_900_10
Hz_tau=0.00025/1event_0cavities_300_700_source.pdf): PDF inclusion: multiple pd
fs with page group included in a single page
> <./displacement_500x900_25_layer_0_600_900_10Hz_tau=0.00025/1event_0cavities_
300_850_source.pdf

pdfTeX warning: pdflatex.exe (file ./displacement_500x900_25_layer_0_600_900_10
Hz_tau=0.00025/1event_0cavities_300_850_source.pdf): PDF inclusion: multiple pd
fs with page group included in a single page
> <./displacement_500x900_25_layer_0_600_900_10Hz_tau=0.00025/1event_0cavities_
300_900_source.pdf

pdfTeX warning: pdflatex.exe (file ./displacement_500x900_25_layer_0_600_900_10
Hz_tau=0.00025/1event_0cavities_300_900_source.pdf): PDF inclusion: multiple pd
fs with page group included in a single page
> <./displacement_500x900_25_layer_0_600_900_10Hz_tau=0.00025/1event_1air_cavit
y_300_10_source.pdf

pdfTeX warning: pdflatex.exe (file ./displacement_500x900_25_layer_0_600_900_10
Hz_tau=0.00025/1event_1air_cavity_300_10_source.pdf): PDF inclusion: multiple p
dfs with page group included in a single page
> <./displacement_500x900_25_layer_0_600_900_10Hz_tau=0.00025/1event_1air_cavit
y_300_600_source.pdf

pdfTeX warning: pdflatex.exe (file ./displacement_500x900_25_layer_0_600_900_10
Hz_tau=0.00025/1event_1air_cavity_300_600_source.pdf): PDF inclusion: multiple 
pdfs with page group included in a single page
> <./displacement_500x900_25_layer_0_600_900_10Hz_tau=0.00025/1event_1air_cavit
y_300_700_source.pdf

pdfTeX warning: pdflatex.exe (file ./displacement_500x900_25_layer_0_600_900_10
Hz_tau=0.00025/1event_1air_cavity_300_700_source.pdf): PDF inclusion: multiple 
pdfs with page group included in a single page
> <./displacement_500x900_25_layer_0_600_900_10Hz_tau=0.00025/1event_1air_cavit
y_300_850_source.pdf

pdfTeX warning: pdflatex.exe (file ./displacement_500x900_25_layer_0_600_900_10
Hz_tau=0.00025/1event_1air_cavity_300_850_source.pdf): PDF inclusion: multiple 
pdfs with page group included in a single page
> <./displacement_500x900_25_layer_0_600_900_10Hz_tau=0.00025/1event_1air_cavit
y_300_900_source.pdf

pdfTeX warning: pdflatex.exe (file ./displacement_500x900_25_layer_0_600_900_10
Hz_tau=0.00025/1event_1air_cavity_300_900_source.pdf): PDF inclusion: multiple 
pdfs with page group included in a single page
>]
<displacement_500x900_25_layer_0_600_900_10Hz_tau=0.00025/1event_1water_cavity_
300_10_source.pdf, id=1117, 578.16pt x 700.6175pt>
File: displacement_500x900_25_layer_0_600_900_10Hz_tau=0.00025/1event_1water_ca
vity_300_10_source.pdf Graphic file (type pdf)
<use displacement_500x900_25_layer_0_600_900_10Hz_tau=0.00025/1event_1water_cav
ity_300_10_source.pdf>
Package pdftex.def Info: displacement_500x900_25_layer_0_600_900_10Hz_tau=0.000
25/1event_1water_cavity_300_10_source.pdf  used on input line 1567.
(pdftex.def)             Requested size: 122.60362pt x 148.56654pt.
<displacement_500x900_25_layer_0_600_900_10Hz_tau=0.00025/1event_1water_cavity_
300_600_source.pdf, id=1118, 578.16pt x 700.6175pt>
File: displacement_500x900_25_layer_0_600_900_10Hz_tau=0.00025/1event_1water_ca
vity_300_600_source.pdf Graphic file (type pdf)
<use displacement_500x900_25_layer_0_600_900_10Hz_tau=0.00025/1event_1water_cav
ity_300_600_source.pdf>
Package pdftex.def Info: displacement_500x900_25_layer_0_600_900_10Hz_tau=0.000
25/1event_1water_cavity_300_600_source.pdf  used on input line 1571.
(pdftex.def)             Requested size: 122.60362pt x 148.56654pt.
File: displacement_500x900_25_layer_0_600_900_10Hz_tau=0.00025/1event_1air_cavi
ty_300_700_source.pdf Graphic file (type pdf)
<use displacement_500x900_25_layer_0_600_900_10Hz_tau=0.00025/1event_1air_cavit
y_300_700_source.pdf>
Package pdftex.def Info: displacement_500x900_25_layer_0_600_900_10Hz_tau=0.000
25/1event_1air_cavity_300_700_source.pdf  used on input line 1575.
(pdftex.def)             Requested size: 122.60362pt x 148.56654pt.
<displacement_500x900_25_layer_0_600_900_10Hz_tau=0.00025/1event_1water_cavity_
300_850_source.pdf, id=1119, 578.16pt x 700.6175pt>
File: displacement_500x900_25_layer_0_600_900_10Hz_tau=0.00025/1event_1water_ca
vity_300_850_source.pdf Graphic file (type pdf)
<use displacement_500x900_25_layer_0_600_900_10Hz_tau=0.00025/1event_1water_cav
ity_300_850_source.pdf>
Package pdftex.def Info: displacement_500x900_25_layer_0_600_900_10Hz_tau=0.000
25/1event_1water_cavity_300_850_source.pdf  used on input line 1579.
(pdftex.def)             Requested size: 122.60362pt x 148.56654pt.
<displacement_500x900_25_layer_0_600_900_10Hz_tau=0.00025/1event_1water_cavity_
300_900_source.pdf, id=1120, 578.16pt x 700.6175pt>
File: displacement_500x900_25_layer_0_600_900_10Hz_tau=0.00025/1event_1water_ca
vity_300_900_source.pdf Graphic file (type pdf)
<use displacement_500x900_25_layer_0_600_900_10Hz_tau=0.00025/1event_1water_cav
ity_300_900_source.pdf>
Package pdftex.def Info: displacement_500x900_25_layer_0_600_900_10Hz_tau=0.000
25/1event_1water_cavity_300_900_source.pdf  used on input line 1583.
(pdftex.def)             Requested size: 122.60362pt x 148.56654pt.
<displacement_500x900_25_layer_0_600_900_10Hz_tau=0.00025/1event_2air_cavity_30
0_900_source.pdf, id=1121, 578.16pt x 700.6175pt>
File: displacement_500x900_25_layer_0_600_900_10Hz_tau=0.00025/1event_2air_cavi
ty_300_900_source.pdf Graphic file (type pdf)
<use displacement_500x900_25_layer_0_600_900_10Hz_tau=0.00025/1event_2air_cavit
y_300_900_source.pdf>
Package pdftex.def Info: displacement_500x900_25_layer_0_600_900_10Hz_tau=0.000
25/1event_2air_cavity_300_900_source.pdf  used on input line 1589.
(pdftex.def)             Requested size: 156.66365pt x 189.84276pt.
<displacement_500x900_25_layer_0_600_900_10Hz_tau=0.00025/2event_2air_cavity_(3
00_380)_900_source.pdf, id=1122, 578.16pt x 700.6175pt>
File: displacement_500x900_25_layer_0_600_900_10Hz_tau=0.00025/2event_2air_cavi
ty_(300_380)_900_source.pdf Graphic file (type pdf)
<use displacement_500x900_25_layer_0_600_900_10Hz_tau=0.00025/2event_2air_cavit
y_(300_380)_900_source.pdf>
Package pdftex.def Info: displacement_500x900_25_layer_0_600_900_10Hz_tau=0.000
25/2event_2air_cavity_(300_380)_900_source.pdf  used on input line 1593.
(pdftex.def)             Requested size: 156.66365pt x 189.84276pt.
<displacement_500x900_25_layer_0_600_900_10Hz_tau=0.00025/2event_2air_cavity_30
0_(780_900)_source.pdf, id=1123, 578.16pt x 700.6175pt>
File: displacement_500x900_25_layer_0_600_900_10Hz_tau=0.00025/2event_2air_cavi
ty_300_(780_900)_source.pdf Graphic file (type pdf)
<use displacement_500x900_25_layer_0_600_900_10Hz_tau=0.00025/2event_2air_cavit
y_300_(780_900)_source.pdf>
Package pdftex.def Info: displacement_500x900_25_layer_0_600_900_10Hz_tau=0.000
25/2event_2air_cavity_300_(780_900)_source.pdf  used on input line 1597.
(pdftex.def)             Requested size: 156.66365pt x 189.84276pt.
<displacement_500x900_25_layer_0_600_900_10Hz_tau=0.00025/2event_2water_cavity_
300_(780_900)_source.pdf, id=1124, 578.16pt x 700.6175pt>
File: displacement_500x900_25_layer_0_600_900_10Hz_tau=0.00025/2event_2water_ca
vity_300_(780_900)_source.pdf Graphic file (type pdf)
<use displacement_500x900_25_layer_0_600_900_10Hz_tau=0.00025/2event_2water_cav
ity_300_(780_900)_source.pdf>
Package pdftex.def Info: displacement_500x900_25_layer_0_600_900_10Hz_tau=0.000
25/2event_2water_cavity_300_(780_900)_source.pdf  used on input line 1601.
(pdftex.def)             Requested size: 156.66365pt x 189.84276pt.
 [37


 <./displacement_500x900_25_layer_0_600_900_10Hz_tau=0.00025/1event_1water_cavi
ty_300_10_source.pdf> <./displacement_500x900_25_layer_0_600_900_10Hz_tau=0.000
25/1event_1water_cavity_300_600_source.pdf

pdfTeX warning: pdflatex.exe (file ./displacement_500x900_25_layer_0_600_900_10
Hz_tau=0.00025/1event_1water_cavity_300_600_source.pdf): PDF inclusion: multipl
e pdfs with page group included in a single page
> <./displacement_500x900_25_layer_0_600_900_10Hz_tau=0.00025/1event_1water_cav
ity_300_850_source.pdf

pdfTeX warning: pdflatex.exe (file ./displacement_500x900_25_layer_0_600_900_10
Hz_tau=0.00025/1event_1water_cavity_300_850_source.pdf): PDF inclusion: multipl
e pdfs with page group included in a single page
> <./displacement_500x900_25_layer_0_600_900_10Hz_tau=0.00025/1event_1water_cav
ity_300_900_source.pdf

pdfTeX warning: pdflatex.exe (file ./displacement_500x900_25_layer_0_600_900_10
Hz_tau=0.00025/1event_1water_cavity_300_900_source.pdf): PDF inclusion: multipl
e pdfs with page group included in a single page
> <./displacement_500x900_25_layer_0_600_900_10Hz_tau=0.00025/1event_2air_cavit
y_300_900_source.pdf

pdfTeX warning: pdflatex.exe (file ./displacement_500x900_25_layer_0_600_900_10
Hz_tau=0.00025/1event_2air_cavity_300_900_source.pdf): PDF inclusion: multiple 
pdfs with page group included in a single page
> <./displacement_500x900_25_layer_0_600_900_10Hz_tau=0.00025/2event_2air_cavit
y_(300_380)_900_source.pdf

pdfTeX warning: pdflatex.exe (file ./displacement_500x900_25_layer_0_600_900_10
Hz_tau=0.00025/2event_2air_cavity_(300_380)_900_source.pdf): PDF inclusion: mul
tiple pdfs with page group included in a single page
> <./displacement_500x900_25_layer_0_600_900_10Hz_tau=0.00025/2event_2air_cavit
y_300_(780_900)_source.pdf

pdfTeX warning: pdflatex.exe (file ./displacement_500x900_25_layer_0_600_900_10
Hz_tau=0.00025/2event_2air_cavity_300_(780_900)_source.pdf): PDF inclusion: mul
tiple pdfs with page group included in a single page
> <./displacement_500x900_25_layer_0_600_900_10Hz_tau=0.00025/2event_2water_cav
ity_300_(780_900)_source.pdf

pdfTeX warning: pdflatex.exe (file ./displacement_500x900_25_layer_0_600_900_10
Hz_tau=0.00025/2event_2water_cavity_300_(780_900)_source.pdf): PDF inclusion: m
ultiple pdfs with page group included in a single page
>]
<png/analytical_numerical_comparison.png, id=1238, 1368.61313pt x 682.04813pt>
File: png/analytical_numerical_comparison.png Graphic file (type png)
<use png/analytical_numerical_comparison.png>
Package pdftex.def Info: png/analytical_numerical_comparison.png  used on input
 line 1641.
(pdftex.def)             Requested size: 443.57848pt x 221.05939pt.
 [38

]
Overfull \hbox (2.67558pt too wide) detected at line 1661
[]
 []

[39 <./png/analytical_numerical_comparison.png>]
Underfull \hbox (badness 10000) in paragraph at lines 1670--1672

 []

<png/analytical_non_closed_small_source.png, id=1264, 1416.04031pt x 690.32906p
t>
File: png/analytical_non_closed_small_source.png Graphic file (type png)
<use png/analytical_non_closed_small_source.png>
Package pdftex.def Info: png/analytical_non_closed_small_source.png  used on in
put line 1675.
(pdftex.def)             Requested size: 443.57848pt x 216.24344pt.
<png/analytical_non_closed_vs_numerical.png, id=1265, 1278.27562pt x 609.77812p
t>
File: png/analytical_non_closed_vs_numerical.png Graphic file (type png)
<use png/analytical_non_closed_vs_numerical.png>
Package pdftex.def Info: png/analytical_non_closed_vs_numerical.png  used on in
put line 1683.
(pdftex.def)             Requested size: 443.57848pt x 211.60187pt.

LaTeX Warning: `!h' float specifier changed to `!ht'.

[40 <./png/analytical_non_closed_small_source.png>]
<png/f1g1a1_crop.pdf, id=1282, 1899.095pt x 893.3375pt>
File: png/f1g1a1_crop.pdf Graphic file (type pdf)
<use png/f1g1a1_crop.pdf>
Package pdftex.def Info: png/f1g1a1_crop.pdf  used on input line 1691.
(pdftex.def)             Requested size: 443.57848pt x 208.653pt.


LaTeX Warning: `h' float specifier changed to `ht'.

[41 <./png/analytical_non_closed_vs_numerical.png> <./png/f1g1a1_crop.pdf>]
<relative_err_closed.pdf, id=1297, 361.35pt x 255.95625pt>
File: relative_err_closed.pdf Graphic file (type pdf)
<use relative_err_closed.pdf>
Package pdftex.def Info: relative_err_closed.pdf  used on input line 1705.
(pdftex.def)             Requested size: 199.60895pt x 141.38954pt.
<png/relative_err_f1g0a0.1.pdf, id=1298, 325.215pt x 225.84375pt>
File: png/relative_err_f1g0a0.1.pdf Graphic file (type pdf)
<use png/relative_err_f1g0a0.1.pdf>
Package pdftex.def Info: png/relative_err_f1g0a0.1.pdf  used on input line 1709
.
(pdftex.def)             Requested size: 199.60895pt x 138.61911pt.
<png/relative_err_f1g0a1.pdf.pdf, id=1299, 325.215pt x 228.855pt>
File: png/relative_err_f1g0a1.pdf.pdf Graphic file (type pdf)
<use png/relative_err_f1g0a1.pdf.pdf>
Package pdftex.def Info: png/relative_err_f1g0a1.pdf.pdf  used on input line 17
14.
(pdftex.def)             Requested size: 199.60895pt x 140.46736pt.
<png/relative_err_f1g1a1.pdf.pdf, id=1300, 325.215pt x 228.855pt>
File: png/relative_err_f1g1a1.pdf.pdf Graphic file (type pdf)
<use png/relative_err_f1g1a1.pdf.pdf>
Package pdftex.def Info: png/relative_err_f1g1a1.pdf.pdf  used on input line 17
18.
(pdftex.def)             Requested size: 199.60895pt x 140.46736pt.

[42

 <./relative_err_closed.pdf> <./png/relative_err_f1g0a0.1.pdf

pdfTeX warning: pdflatex.exe (file ./png/relative_err_f1g0a0.1.pdf): PDF inclus
ion: multiple pdfs with page group included in a single page
> <./png/relative_err_f1g0a1.pdf.pdf

pdfTeX warning: pdflatex.exe (file ./png/relative_err_f1g0a1.pdf.pdf): PDF incl
usion: multiple pdfs with page group included in a single page
> <./png/relative_err_f1g1a1.pdf.pdf

pdfTeX warning: pdflatex.exe (file ./png/relative_err_f1g1a1.pdf.pdf): PDF incl
usion: multiple pdfs with page group included in a single page
>]
<png/mesh_coarse.png, id=1361, 542.025pt x 561.59813pt>
File: png/mesh_coarse.png Graphic file (type png)
<use png/mesh_coarse.png>
Package pdftex.def Info: png/mesh_coarse.png  used on input line 1744.
(pdftex.def)             Requested size: 199.60895pt x 206.81972pt.
<png/mesh_fine.png, id=1362, 542.025pt x 561.59813pt>
File: png/mesh_fine.png Graphic file (type png)
<use png/mesh_fine.png>
Package pdftex.def Info: png/mesh_fine.png  used on input line 1748.
(pdftex.def)             Requested size: 199.60895pt x 206.81972pt.
<png/rungef1g0.pdf, id=1366, 751.80875pt x 518.93875pt>
File: png/rungef1g0.pdf Graphic file (type pdf)
<use png/rungef1g0.pdf>
Package pdftex.def Info: png/rungef1g0.pdf  used on input line 1765.
(pdftex.def)             Requested size: 146.3817pt x 101.03824pt.
<png/rungef1g1.pdf, id=1367, 751.80875pt x 510.90875pt>
File: png/rungef1g1.pdf Graphic file (type pdf)
<use png/rungef1g1.pdf>
Package pdftex.def Info: png/rungef1g1.pdf  used on input line 1769.
(pdftex.def)             Requested size: 146.3817pt x 99.47478pt.
<png/runge_closed.pdf, id=1368, 751.80875pt x 510.90875pt>
File: png/runge_closed.pdf Graphic file (type pdf)
<use png/runge_closed.pdf>
Package pdftex.def Info: png/runge_closed.pdf  used on input line 1773.
(pdftex.def)             Requested size: 146.3817pt x 99.47478pt.
<png/runge_p_10.pdf, id=1369, 751.80875pt x 501.875pt>
File: png/runge_p_10.pdf Graphic file (type pdf)
<use png/runge_p_10.pdf>
Package pdftex.def Info: png/runge_p_10.pdf  used on input line 1783.
(pdftex.def)             Requested size: 146.3817pt x 97.7159pt.
<png/runge_p_11.pdf, id=1370, 751.80875pt x 507.8975pt>
File: png/runge_p_11.pdf Graphic file (type pdf)
<use png/runge_p_11.pdf>
Package pdftex.def Info: png/runge_p_11.pdf  used on input line 1787.
(pdftex.def)             Requested size: 146.3817pt x 98.88849pt.
<png/runge_p_closed.pdf, id=1371, 751.80875pt x 507.8975pt>
File: png/runge_p_closed.pdf Graphic file (type pdf)
<use png/runge_p_closed.pdf>
Package pdftex.def Info: png/runge_p_closed.pdf  used on input line 1791.
(pdftex.def)             Requested size: 146.3817pt x 98.88849pt.


LaTeX Warning: `!h' float specifier changed to `!ht'.

[43 <./png/mesh_coarse.png> <./png/mesh_fine.png> <./png/rungef1g0.pdf> <./png/
rungef1g1.pdf

pdfTeX warning: pdflatex.exe (file ./png/rungef1g1.pdf): PDF inclusion: multipl
e pdfs with page group included in a single page
> <./png/runge_closed.pdf

pdfTeX warning: pdflatex.exe (file ./png/runge_closed.pdf): PDF inclusion: mult
iple pdfs with page group included in a single page
>]
Overfull \hbox (13.23277pt too wide) in paragraph at lines 1814--1817
\T2A/cmr/m/n/10 Перспективна по-со-ка е и ек-с-пе-ри-мен-ти-ра-не-то с пре-къс-
на-тия ме-тод на Га-льор-кин (Discontinuous
 []

[44 <./png/runge_p_10.pdf> <./png/runge_p_11.pdf

pdfTeX warning: pdflatex.exe (file ./png/runge_p_11.pdf): PDF inclusion: multip
le pdfs with page group included in a single page
> <./png/runge_p_closed.pdf

pdfTeX warning: pdflatex.exe (file ./png/runge_p_closed.pdf): PDF inclusion: mu
ltiple pdfs with page group included in a single page
>] [45]
LaTeX Font Info:    Font shape `T2A/cmtt/bx/n' in size <12> not available
(Font)              Font shape `T2A/cmtt/m/n' tried instead on input line 1913.

 [46] [47]
Underfull \hbox (badness 10000) in paragraph at lines 2010--2012

 []

(C:\Users\Petar\AppData\Local\Programs\MiKTeX\tex/latex/listings\lstlang1.sty
File: lstlang1.sty 2023/02/27 1.9 listings language file
)
(C:\Users\Petar\AppData\Local\Programs\MiKTeX\tex/latex/listings\lstlang1.sty
File: lstlang1.sty 2023/02/27 1.9 listings language file
)
(C:\Users\Petar\AppData\Local\Programs\MiKTeX\tex/latex/listings\lstmisc.sty
File: lstmisc.sty 2023/02/27 1.9 (Carsten Heinz)
)
Package hyperref Info: bookmark level for unknown lstlisting defaults to 0 on i
nput line 2031.

(customComparatorOfGlobalMatrices.cpp [48] [49]) (document.bbl [50] [51

])
[52] (document.aux)
 ***********
LaTeX2e <2023-06-01> patch level 1
L3 programming layer <2023-08-29>
 ***********
Package rerunfilecheck Info: File `document.out' has not changed.
(rerunfilecheck)             Checksum: 8EF97B3DC0850AB1597A47F6491EEF69;10978.
 ) 
Here is how much of TeX's memory you used:
 18447 strings out of 475248
 306024 string characters out of 5757813
 2439785 words of memory out of 5000000
 39323 multiletter control sequences out of 15000+600000
 583691 words of font info for 101 fonts, out of 8000000 for 9000
 1141 hyphenation exceptions out of 8191
 67i,15n,77p,2463b,2276s stack positions out of 10000i,1000n,20000p,200000b,200000s
 <C:\Users\Petar\AppData\Local\MiKTeX\fonts/pk/ljfour/lh/lh-t2a/dpi600\larm05
00.pk> <C:\Users\Petar\AppData\Local\MiKTeX\fonts/pk/ljfour/lh/lh-t2a/dpi600\la
tt1200.pk> <C:\Users\Petar\AppData\Local\MiKTeX\fonts/pk/ljfour/lh/lh-t2a/dpi60
0\latt0900.pk> <C:\Users\Petar\AppData\Local\MiKTeX\fonts/pk/ljfour/lh/lh-t2a/d
pi600\larm0900.pk> <C:\Users\Petar\AppData\Local\MiKTeX\fonts/pk/ljfour/lh/lh-t
2a/dpi600\latt1440.pk> <C:\Users\Petar\AppData\Local\MiKTeX\fonts/pk/ljfour/lh/
lh-t2a/dpi600\lati1000.pk> <C:\Users\Petar\AppData\Local\MiKTeX\fonts/pk/ljfour
/jknappen/ec/dpi600\tcrm1000.pk> <C:\Users\Petar\AppData\Local\MiKTeX\fonts/pk/
ljfour/lh/lh-t2a/dpi600\larm0700.pk> <C:\Users\Petar\AppData\Local\MiKTeX\fonts
/pk/ljfour/lh/lh-t2a/dpi600\labx1200.pk> <C:\Users\Petar\AppData\Local\MiKTeX\f
onts/pk/ljfour/lh/lh-t2a/dpi600\labx2074.pk> <C:\Users\Petar\AppData\Local\MiKT
eX\fonts/pk/ljfour/lh/lh-t2a/dpi600\latt1000.pk> <C:\Users\Petar\AppData\Local\
MiKTeX\fonts/pk/ljfour/lh/lh-t2a/dpi600\larm1000.pk> <C:\Users\Petar\AppData\Lo
cal\MiKTeX\fonts/pk/ljfour/lh/lh-t2a/dpi600\labx1000.pk> <C:\Users\Petar\AppDat
a\Local\MiKTeX\fonts/pk/ljfour/lh/lh-t2a/dpi600\labx2488.pk> <C:\Users\Petar\Ap
pData\Local\MiKTeX\fonts/pk/ljfour/lh/lh-t2a/dpi600\labx1440.pk> <C:\Users\Peta
r\AppData\Local\MiKTeX\fonts/pk/ljfour/lh/lh-t2a/dpi600\larm1440.pk><C:/Users/P
etar/AppData/Local/Programs/MiKTeX/fonts/type1/public/amsfonts/cm/cmbsy10.pfb><
C:/Users/Petar/AppData/Local/Programs/MiKTeX/fonts/type1/public/amsfonts/cmextr
a/cmbsy7.pfb><C:/Users/Petar/AppData/Local/Programs/MiKTeX/fonts/type1/public/a
msfonts/cm/cmbx10.pfb><C:/Users/Petar/AppData/Local/Programs/MiKTeX/fonts/type1
/public/amsfonts/cm/cmbx12.pfb><C:/Users/Petar/AppData/Local/Programs/MiKTeX/fo
nts/type1/public/amsfonts/cm/cmbx7.pfb><C:/Users/Petar/AppData/Local/Programs/M
iKTeX/fonts/type1/public/amsfonts/cm/cmex10.pfb><C:/Users/Petar/AppData/Local/P
rograms/MiKTeX/fonts/type1/public/amsfonts/cm/cmmi10.pfb><C:/Users/Petar/AppDat
a/Local/Programs/MiKTeX/fonts/type1/public/amsfonts/cm/cmmi12.pfb><C:/Users/Pet
ar/AppData/Local/Programs/MiKTeX/fonts/type1/public/amsfonts/cm/cmmi5.pfb><C:/U
sers/Petar/AppData/Local/Programs/MiKTeX/fonts/type1/public/amsfonts/cm/cmmi6.p
fb><C:/Users/Petar/AppData/Local/Programs/MiKTeX/fonts/type1/public/amsfonts/cm
/cmmi7.pfb><C:/Users/Petar/AppData/Local/Programs/MiKTeX/fonts/type1/public/ams
fonts/cm/cmmi9.pfb><C:/Users/Petar/AppData/Local/Programs/MiKTeX/fonts/type1/pu
blic/amsfonts/cm/cmmib10.pfb><C:/Users/Petar/AppData/Local/Programs/MiKTeX/font
s/type1/public/amsfonts/cmextra/cmmib5.pfb><C:/Users/Petar/AppData/Local/Progra
ms/MiKTeX/fonts/type1/public/amsfonts/cmextra/cmmib7.pfb><C:/Users/Petar/AppDat
a/Local/Programs/MiKTeX/fonts/type1/public/amsfonts/cm/cmr10.pfb><C:/Users/Peta
r/AppData/Local/Programs/MiKTeX/fonts/type1/public/amsfonts/cm/cmr5.pfb><C:/Use
rs/Petar/AppData/Local/Programs/MiKTeX/fonts/type1/public/amsfonts/cm/cmr6.pfb>
<C:/Users/Petar/AppData/Local/Programs/MiKTeX/fonts/type1/public/amsfonts/cm/cm
r7.pfb><C:/Users/Petar/AppData/Local/Programs/MiKTeX/fonts/type1/public/amsfont
s/cm/cmr8.pfb><C:/Users/Petar/AppData/Local/Programs/MiKTeX/fonts/type1/public/
amsfonts/cm/cmr9.pfb><C:/Users/Petar/AppData/Local/Programs/MiKTeX/fonts/type1/
public/amsfonts/cm/cmsy10.pfb><C:/Users/Petar/AppData/Local/Programs/MiKTeX/fon
ts/type1/public/amsfonts/cm/cmsy5.pfb><C:/Users/Petar/AppData/Local/Programs/Mi
KTeX/fonts/type1/public/amsfonts/cm/cmsy7.pfb><C:/Users/Petar/AppData/Local/Pro
grams/MiKTeX/fonts/type1/public/amsfonts/symbols/msam10.pfb><C:/Users/Petar/App
Data/Local/Programs/MiKTeX/fonts/type1/public/amsfonts/symbols/msbm10.pfb>
Output written on document.pdf (55 pages, 29391798 bytes).
PDF statistics:
 2580 PDF objects out of 2984 (max. 8388607)
 383 named destinations out of 1000 (max. 500000)
 708 words of extra memory for PDF output out of 10000 (max. 10000000)

